Archive member included to satisfy reference by file (symbol)

s:/gcc-arm-none-eabi/gcc-arm-none-eabi-10.3-2021.10/bin/../lib/gcc/arm-none-eabi/10.3.1/thumb/v7e-m/nofp\libgcc.a(_arm_mulsf3.o)
                              CMakeFiles/H7B_Example.elf.dir/Core/Src/system_stm32h7xx.c.obj (__aeabi_fmul)
s:/gcc-arm-none-eabi/gcc-arm-none-eabi-10.3-2021.10/bin/../lib/gcc/arm-none-eabi/10.3.1/thumb/v7e-m/nofp\libgcc.a(_arm_addsubsf3.o)
                              CMakeFiles/H7B_Example.elf.dir/Core/Src/system_stm32h7xx.c.obj (__aeabi_fadd)
s:/gcc-arm-none-eabi/gcc-arm-none-eabi-10.3-2021.10/bin/../lib/gcc/arm-none-eabi/10.3.1/thumb/v7e-m/nofp\libgcc.a(_arm_muldivsf3.o)
                              CMakeFiles/H7B_Example.elf.dir/Core/Src/system_stm32h7xx.c.obj (__aeabi_fdiv)
s:/gcc-arm-none-eabi/gcc-arm-none-eabi-10.3-2021.10/bin/../lib/gcc/arm-none-eabi/10.3.1/thumb/v7e-m/nofp\libgcc.a(_arm_fixunssfsi.o)
                              CMakeFiles/H7B_Example.elf.dir/Core/Src/system_stm32h7xx.c.obj (__aeabi_f2uiz)
s:/gcc-arm-none-eabi/gcc-arm-none-eabi-10.3-2021.10/bin/../lib/gcc/arm-none-eabi/10.3.1/thumb/v7e-m/nofp\libgcc.a(_aeabi_uldivmod.o)
                              CMakeFiles/H7B_Example.elf.dir/Drivers/STM32H7xx_HAL_Driver/Src/stm32h7xx_hal_uart.c.obj (__aeabi_uldivmod)
s:/gcc-arm-none-eabi/gcc-arm-none-eabi-10.3-2021.10/bin/../lib/gcc/arm-none-eabi/10.3.1/thumb/v7e-m/nofp\libgcc.a(_udivmoddi4.o)
                              s:/gcc-arm-none-eabi/gcc-arm-none-eabi-10.3-2021.10/bin/../lib/gcc/arm-none-eabi/10.3.1/thumb/v7e-m/nofp\libgcc.a(_aeabi_uldivmod.o) (__udivmoddi4)
s:/gcc-arm-none-eabi/gcc-arm-none-eabi-10.3-2021.10/bin/../lib/gcc/arm-none-eabi/10.3.1/thumb/v7e-m/nofp\libgcc.a(unwind-arm.o)
                              CMakeFiles/H7B_Example.elf.dir/Users/selfmain.cpp.obj (__aeabi_unwind_cpp_pr0)
s:/gcc-arm-none-eabi/gcc-arm-none-eabi-10.3-2021.10/bin/../lib/gcc/arm-none-eabi/10.3.1/thumb/v7e-m/nofp\libgcc.a(libunwind.o)
                              s:/gcc-arm-none-eabi/gcc-arm-none-eabi-10.3-2021.10/bin/../lib/gcc/arm-none-eabi/10.3.1/thumb/v7e-m/nofp\libgcc.a(unwind-arm.o) (restore_core_regs)
s:/gcc-arm-none-eabi/gcc-arm-none-eabi-10.3-2021.10/bin/../lib/gcc/arm-none-eabi/10.3.1/thumb/v7e-m/nofp\libgcc.a(pr-support.o)
                              s:/gcc-arm-none-eabi/gcc-arm-none-eabi-10.3-2021.10/bin/../lib/gcc/arm-none-eabi/10.3.1/thumb/v7e-m/nofp\libgcc.a(unwind-arm.o) (__gnu_unwind_execute)
s:/gcc-arm-none-eabi/gcc-arm-none-eabi-10.3-2021.10/bin/../lib/gcc/arm-none-eabi/10.3.1/thumb/v7e-m/nofp\libgcc.a(_dvmd_tls.o)
                              s:/gcc-arm-none-eabi/gcc-arm-none-eabi-10.3-2021.10/bin/../lib/gcc/arm-none-eabi/10.3.1/thumb/v7e-m/nofp\libgcc.a(_aeabi_uldivmod.o) (__aeabi_ldiv0)
s:/gcc-arm-none-eabi/gcc-arm-none-eabi-10.3-2021.10/bin/../lib/gcc/arm-none-eabi/10.3.1/../../../../arm-none-eabi/lib/thumb/v7e-m/nofp\libg.a(lib_a-abort.o)
                              s:/gcc-arm-none-eabi/gcc-arm-none-eabi-10.3-2021.10/bin/../lib/gcc/arm-none-eabi/10.3.1/thumb/v7e-m/nofp\libgcc.a(unwind-arm.o) (abort)
s:/gcc-arm-none-eabi/gcc-arm-none-eabi-10.3-2021.10/bin/../lib/gcc/arm-none-eabi/10.3.1/../../../../arm-none-eabi/lib/thumb/v7e-m/nofp\libg.a(lib_a-errno.o)
                              CMakeFiles/H7B_Example.elf.dir/Core/Src/syscalls.c.obj (__errno)
s:/gcc-arm-none-eabi/gcc-arm-none-eabi-10.3-2021.10/bin/../lib/gcc/arm-none-eabi/10.3.1/../../../../arm-none-eabi/lib/thumb/v7e-m/nofp\libg.a(lib_a-exit.o)
                              s:/gcc-arm-none-eabi/gcc-arm-none-eabi-10.3-2021.10/bin/../lib/gcc/arm-none-eabi/10.3.1/../../../../arm-none-eabi/lib/thumb/v7e-m/nofp/crt0.o (exit)
s:/gcc-arm-none-eabi/gcc-arm-none-eabi-10.3-2021.10/bin/../lib/gcc/arm-none-eabi/10.3.1/../../../../arm-none-eabi/lib/thumb/v7e-m/nofp\libg.a(lib_a-impure.o)
                              s:/gcc-arm-none-eabi/gcc-arm-none-eabi-10.3-2021.10/bin/../lib/gcc/arm-none-eabi/10.3.1/../../../../arm-none-eabi/lib/thumb/v7e-m/nofp\libg.a(lib_a-exit.o) (_global_impure_ptr)
s:/gcc-arm-none-eabi/gcc-arm-none-eabi-10.3-2021.10/bin/../lib/gcc/arm-none-eabi/10.3.1/../../../../arm-none-eabi/lib/thumb/v7e-m/nofp\libg.a(lib_a-init.o)
                              s:/gcc-arm-none-eabi/gcc-arm-none-eabi-10.3-2021.10/bin/../lib/gcc/arm-none-eabi/10.3.1/../../../../arm-none-eabi/lib/thumb/v7e-m/nofp/crt0.o (__libc_init_array)
s:/gcc-arm-none-eabi/gcc-arm-none-eabi-10.3-2021.10/bin/../lib/gcc/arm-none-eabi/10.3.1/../../../../arm-none-eabi/lib/thumb/v7e-m/nofp\libg.a(lib_a-memcpy.o)
                              s:/gcc-arm-none-eabi/gcc-arm-none-eabi-10.3-2021.10/bin/../lib/gcc/arm-none-eabi/10.3.1/thumb/v7e-m/nofp\libgcc.a(unwind-arm.o) (memcpy)
s:/gcc-arm-none-eabi/gcc-arm-none-eabi-10.3-2021.10/bin/../lib/gcc/arm-none-eabi/10.3.1/../../../../arm-none-eabi/lib/thumb/v7e-m/nofp\libg.a(lib_a-memset.o)
[...]
Memory Configuration

Name             Origin             Length             Attributes
ITCMRAM          0x00000000         0x00010000         xrw
FLASH            0x08000000         0x00020000         xr
DTCMRAM1         0x20000000         0x00010000         xrw
DTCMRAM2         0x20010000         0x00010000         xrw
RAM              0x24000000         0x00100000         xrw
RAM_CD           0x30000000         0x00020000         xrw
RAM_SRD          0x38000000         0x00008000         xrw
*default*        0x00000000         0xffffffff

Linker script and memory map

LOAD s:/gcc-arm-none-eabi/gcc-arm-none-eabi-10.3-2021.10/bin/../lib/gcc/arm-none-eabi/10.3.1/thumb/v7e-m/nofp/crti.o
LOAD s:/gcc-arm-none-eabi/gcc-arm-none-eabi-10.3-2021.10/bin/../lib/gcc/arm-none-eabi/10.3.1/thumb/v7e-m/nofp/crtbegin.o
LOAD s:/gcc-arm-none-eabi/gcc-arm-none-eabi-10.3-2021.10/bin/../lib/gcc/arm-none-eabi/10.3.1/../../../../arm-none-eabi/lib/thumb/v7e-m/nofp/crt0.o
LOAD CMakeFiles/H7B_Example.elf.dir/Core/Src/gpio.c.obj
LOAD CMakeFiles/H7B_Example.elf.dir/Core/Src/main.c.obj
LOAD CMakeFiles/H7B_Example.elf.dir/Core/Src/stm32h7xx_hal_msp.c.obj
LOAD CMakeFiles/H7B_Example.elf.dir/Core/Src/stm32h7xx_it.c.obj
LOAD CMakeFiles/H7B_Example.elf.dir/Core/Src/syscalls.c.obj
LOAD CMakeFiles/H7B_Example.elf.dir/Core/Src/sysmem.c.obj
LOAD CMakeFiles/H7B_Example.elf.dir/Core/Src/system_stm32h7xx.c.obj
LOAD CMakeFiles/H7B_Example.elf.dir/Core/Src/usart.c.obj
LOAD CMakeFiles/H7B_Example.elf.dir/Core/Startup/startup_stm32h7b0vbtx.s.obj
LOAD CMakeFiles/H7B_Example.elf.dir/Drivers/STM32H7xx_HAL_Driver/Src/stm32h7xx_hal.c.obj
LOAD CMakeFiles/H7B_Example.elf.dir/Drivers/STM32H7xx_HAL_Driver/Src/stm32h7xx_hal_cortex.c.obj
LOAD CMakeFiles/H7B_Example.elf.dir/Drivers/STM32H7xx_HAL_Driver/Src/stm32h7xx_hal_dma.c.obj
LOAD CMakeFiles/H7B_Example.elf.dir/Drivers/STM32H7xx_HAL_Driver/Src/stm32h7xx_hal_dma_ex.c.obj
LOAD CMakeFiles/H7B_Example.elf.dir/Drivers/STM32H7xx_HAL_Driver/Src/stm32h7xx_hal_exti.c.obj
LOAD CMakeFiles/H7B_Example.elf.dir/Drivers/STM32H7xx_HAL_Driver/Src/stm32h7xx_hal_flash.c.obj
LOAD CMakeFiles/H7B_Example.elf.dir/Drivers/STM32H7xx_HAL_Driver/Src/stm32h7xx_hal_flash_ex.c.obj
LOAD CMakeFiles/H7B_Example.elf.dir/Drivers/STM32H7xx_HAL_Driver/Src/stm32h7xx_hal_gpio.c.obj
LOAD CMakeFiles/H7B_Example.elf.dir/Drivers/STM32H7xx_HAL_Driver/Src/stm32h7xx_hal_hsem.c.obj
LOAD CMakeFiles/H7B_Example.elf.dir/Drivers/STM32H7xx_HAL_Driver/Src/stm32h7xx_hal_i2c.c.obj
LOAD CMakeFiles/H7B_Example.elf.dir/Drivers/STM32H7xx_HAL_Driver/Src/stm32h7xx_hal_i2c_ex.c.obj
LOAD CMakeFiles/H7B_Example.elf.dir/Drivers/STM32H7xx_HAL_Driver/Src/stm32h7xx_hal_mdma.c.obj
LOAD CMakeFiles/H7B_Example.elf.dir/Drivers/STM32H7xx_HAL_Driver/Src/stm32h7xx_hal_pwr.c.obj
LOAD CMakeFiles/H7B_Example.elf.dir/Drivers/STM32H7xx_HAL_Driver/Src/stm32h7xx_hal_pwr_ex.c.obj
LOAD CMakeFiles/H7B_Example.elf.dir/Drivers/STM32H7xx_HAL_Driver/Src/stm32h7xx_hal_rcc.c.obj
LOAD CMakeFiles/H7B_Example.elf.dir/Drivers/STM32H7xx_HAL_Driver/Src/stm32h7xx_hal_rcc_ex.c.obj
LOAD CMakeFiles/H7B_Example.elf.dir/Drivers/STM32H7xx_HAL_Driver/Src/stm32h7xx_hal_tim.c.obj
LOAD CMakeFiles/H7B_Example.elf.dir/Drivers/STM32H7xx_HAL_Driver/Src/stm32h7xx_hal_tim_ex.c.obj
LOAD CMakeFiles/H7B_Example.elf.dir/Drivers/STM32H7xx_HAL_Driver/Src/stm32h7xx_hal_uart.c.obj
LOAD CMakeFiles/H7B_Example.elf.dir/Drivers/STM32H7xx_HAL_Driver/Src/stm32h7xx_hal_uart_ex.c.obj
LOAD CMakeFiles/H7B_Example.elf.dir/Users/LetterShell/shell.c.obj
LOAD CMakeFiles/H7B_Example.elf.dir/Users/LetterShell/shell_ext.c.obj
LOAD CMakeFiles/H7B_Example.elf.dir/Users/Retarget/Retarget.c.obj
LOAD CMakeFiles/H7B_Example.elf.dir/Users/selfmain.cpp.obj
LOAD s:/gcc-arm-none-eabi/gcc-arm-none-eabi-10.3-2021.10/bin/../lib/gcc/arm-none-eabi/10.3.1/../../../../arm-none-eabi/lib/thumb/v7e-m/nofp\libstdc++.a
LOAD s:/gcc-arm-none-eabi/gcc-arm-none-eabi-10.3-2021.10/bin/../lib/gcc/arm-none-eabi/10.3.1/../../../../arm-none-eabi/lib/thumb/v7e-m/nofp\libm.a
START GROUP
LOAD s:/gcc-arm-none-eabi/gcc-arm-none-eabi-10.3-2021.10/bin/../lib/gcc/arm-none-eabi/10.3.1/thumb/v7e-m/nofp\libgcc.a
LOAD s:/gcc-arm-none-eabi/gcc-arm-none-eabi-10.3-2021.10/bin/../lib/gcc/arm-none-eabi/10.3.1/../../../../arm-none-eabi/lib/thumb/v7e-m/nofp\libg.a
LOAD s:/gcc-arm-none-eabi/gcc-arm-none-eabi-10.3-2021.10/bin/../lib/gcc/arm-none-eabi/10.3.1/../../../../arm-none-eabi/lib/thumb/v7e-m/nofp\libc.a
END GROUP
LOAD s:/gcc-arm-none-eabi/gcc-arm-none-eabi-10.3-2021.10/bin/../lib/gcc/arm-none-eabi/10.3.1/thumb/v7e-m/nofp/crtend.o
LOAD s:/gcc-arm-none-eabi/gcc-arm-none-eabi-10.3-2021.10/bin/../lib/gcc/arm-none-eabi/10.3.1/thumb/v7e-m/nofp/crtn.o
                0x24100000                _estack = (ORIGIN (RAM) + LENGTH (RAM))
                0x00000200                _Min_Heap_Size = 0x200
                0x00000400                _Min_Stack_Size = 0x400

.isr_vector     0x08000000      0x2ac
                0x08000000                . = ALIGN (0x4)
 *(.isr_vector)
 .isr_vector    0x08000000      0x2ac CMakeFiles/H7B_Example.elf.dir/Core/Startup/startup_stm32h7b0vbtx.s.obj
                0x08000000                g_pfnVectors
                0x080002ac                . = ALIGN (0x4)

.text           0x080002c0     0x7ce0
                0x080002c0                . = ALIGN (0x4)
 *(.text)
 .text          0x080002c0       0x40 s:/gcc-arm-none-eabi/gcc-arm-none-eabi-10.3-2021.10/bin/../lib/gcc/arm-none-eabi/10.3.1/thumb/v7e-m/nofp/crtbegin.o
 .text          0x08000300      0x21c s:/gcc-arm-none-eabi/gcc-arm-none-eabi-10.3-2021.10/bin/../lib/gcc/arm-none-eabi/10.3.1/thumb/v7e-m/nofp\libgcc.a(_arm_addsubsf3.o)
                0x08000300                __aeabi_frsub
                0x08000308                __subsf3
                0x08000308                __aeabi_fsub
                0x0800030c                __aeabi_fadd
                0x0800030c                __addsf3
                0x0800046c                __aeabi_ui2f
                0x0800046c                __floatunsisf
                0x08000474                __aeabi_i2f
                0x08000474                __floatsisf
                0x08000490                __aeabi_ul2f
                0x08000490                __floatundisf
                0x080004a0                __aeabi_l2f
                0x080004a0                __floatdisf
 .text          0x0800051c      0x2a0 s:/gcc-arm-none-eabi/gcc-arm-none-eabi-10.3-2021.10/bin/../lib/gcc/arm-none-eabi/10.3.1/thumb/v7e-m/nofp\libgcc.a(_arm_muldivsf3.o)
                0x0800051c                __mulsf3
                0x0800051c                __aeabi_fmul
                0x08000684                __aeabi_fdiv
                0x08000684                __divsf3
 .text          0x080007bc       0x40 s:/gcc-arm-none-eabi/gcc-arm-none-eabi-10.3-2021.10/bin/../lib/gcc/arm-none-eabi/10.3.1/thumb/v7e-m/nofp\libgcc.a(_arm_fixunssfsi.o)
                0x080007bc                __fixunssfsi
                0x080007bc                __aeabi_f2uiz
 .text          0x080007fc       0x30 s:/gcc-arm-none-eabi/gcc-arm-none-eabi-10.3-2021.10/bin/../lib/gcc/arm-none-eabi/10.3.1/thumb/v7e-m/nofp\libgcc.a(_aeabi_uldivmod.o)
                0x080007fc                __aeabi_uldivmod
 .text          0x0800082c      0x2d0 s:/gcc-arm-none-eabi/gcc-arm-none-eabi-10.3-2021.10/bin/../lib/gcc/arm-none-eabi/10.3.1/thumb/v7e-m/nofp\libgcc.a(_udivmoddi4.o)
                0x0800082c                __udivmoddi4
 .text          0x08000afc      0x9d8 s:/gcc-arm-none-eabi/gcc-arm-none-eabi-10.3-2021.10/bin/../lib/gcc/arm-none-eabi/10.3.1/thumb/v7e-m/nofp\libgcc.a(unwind-arm.o)
                0x08000da4                _Unwind_GetCFA
                0x08000da8                __gnu_Unwind_RaiseException
                0x08000e10                __gnu_Unwind_ForcedUnwind
                0x08000e20                __gnu_Unwind_Resume
                0x08000e64                __gnu_Unwind_Resume_or_Rethrow
                0x08000e74                _Unwind_Complete
                0x08000e78                _Unwind_DeleteException
                0x08000e84                _Unwind_VRS_Get
                0x08000ed0                _Unwind_VRS_Set
                0x08000f18                __gnu_Unwind_Backtrace
                0x08001244                __aeabi_unwind_cpp_pr0
                0x08001248                __aeabi_unwind_cpp_pr1
                0x0800124c                __aeabi_unwind_cpp_pr2
                0x08001250                _Unwind_VRS_Pop
 .text          0x080014d4      0x1ac s:/gcc-arm-none-eabi/gcc-arm-none-eabi-10.3-2021.10/bin/../lib/gcc/arm-none-eabi/10.3.1/thumb/v7e-m/nofp\libgcc.a(libunwind.o)
                0x080014d4                __restore_core_regs
                0x080014d4                restore_core_regs
                0x080014ec                __gnu_Unwind_Restore_VFP
                0x080014f4                __gnu_Unwind_Save_VFP
                0x080014fc                __gnu_Unwind_Restore_VFP_D
                0x08001504                __gnu_Unwind_Save_VFP_D
                0x0800150c                __gnu_Unwind_Restore_VFP_D_16_to_31
                0x08001514                __gnu_Unwind_Save_VFP_D_16_to_31
                0x0800151c                __gnu_Unwind_Restore_WMMXD
                0x08001560                __gnu_Unwind_Save_WMMXD
                0x080015a4                __gnu_Unwind_Restore_WMMXC
                0x080015b8                __gnu_Unwind_Save_WMMXC
                0x080015cc                ___Unwind_RaiseException
                0x080015cc                _Unwind_RaiseException
                0x080015f0                _Unwind_Resume
                0x080015f0                ___Unwind_Resume
                0x08001614                _Unwind_Resume_or_Rethrow
                0x08001614                ___Unwind_Resume_or_Rethrow
                0x08001638                _Unwind_ForcedUnwind
                0x08001638                ___Unwind_ForcedUnwind
                0x0800165c                ___Unwind_Backtrace
                0x0800165c                _Unwind_Backtrace
 .text          0x08001680      0x350 s:/gcc-arm-none-eabi/gcc-arm-none-eabi-10.3-2021.10/bin/../lib/gcc/arm-none-eabi/10.3.1/thumb/v7e-m/nofp\libgcc.a(pr-support.o)
                0x080016d8                __gnu_unwind_execute
                0x08001984                __gnu_unwind_frame
                0x080019b0                _Unwind_GetRegionStart
                0x080019bc                _Unwind_GetLanguageSpecificData
 .text          0x080019d0        0x4 s:/gcc-arm-none-eabi/gcc-arm-none-eabi-10.3-2021.10/bin/../lib/gcc/arm-none-eabi/10.3.1/thumb/v7e-m/nofp\libgcc.a(_dvmd_tls.o)
                0x080019d0                __aeabi_idiv0
                0x080019d0                __aeabi_ldiv0
 .text          0x080019d4      0x134 s:/gcc-arm-none-eabi/gcc-arm-none-eabi-10.3-2021.10/bin/../lib/gcc/arm-none-eabi/10.3.1/../../../../arm-none-eabi/lib/thumb/v7e-m/nofp\libg.a(lib_a-memcpy.o)
                0x080019d4                memcpy
 *fill*         0x08001b08       0x18 
 .text          0x08001b20      0x2dc s:/gcc-arm-none-eabi/gcc-arm-none-eabi-10.3-2021.10/bin/../lib/gcc/arm-none-eabi/10.3.1/../../../../arm-none-eabi/lib/thumb/v7e-m/nofp\libg.a(lib_a-strcmp.o)
                0x08001b28                strcmp
 *(.text*)
 .text.MX_GPIO_Init
                0x08001dfc       0x88 CMakeFiles/H7B_Example.elf.dir/Core/Src/gpio.c.obj
                0x08001dfc                MX_GPIO_Init
 .text.Error_Handler
                0x08001e84        0x4 CMakeFiles/H7B_Example.elf.dir/Core/Src/main.c.obj
                0x08001e84                Error_Handler
 .text.SystemClock_Config
                0x08001e88       0xb8 CMakeFiles/H7B_Example.elf.dir/Core/Src/main.c.obj
                0x08001e88                SystemClock_Config
 .text.main     0x08001f40       0x18 CMakeFiles/H7B_Example.elf.dir/Core/Src/main.c.obj
                0x08001f40                main
 .text.HAL_MspInit
                0x08001f58       0x30 CMakeFiles/H7B_Example.elf.dir/Core/Src/stm32h7xx_hal_msp.c.obj
                0x08001f58                HAL_MspInit
 .text.NMI_Handler
                0x08001f88        0x2 CMakeFiles/H7B_Example.elf.dir/Core/Src/stm32h7xx_it.c.obj
                0x08001f88                NMI_Handler
 .text.HardFault_Handler
                0x08001f8a        0x2 CMakeFiles/H7B_Example.elf.dir/Core/Src/stm32h7xx_it.c.obj
                0x08001f8a                HardFault_Handler
 .text.MemManage_Handler
                0x08001f8c        0x2 CMakeFiles/H7B_Example.elf.dir/Core/Src/stm32h7xx_it.c.obj
                0x08001f8c                MemManage_Handler
 .text.BusFault_Handler
                0x08001f8e        0x2 CMakeFiles/H7B_Example.elf.dir/Core/Src/stm32h7xx_it.c.obj
                0x08001f8e                BusFault_Handler
 .text.UsageFault_Handler
                0x08001f90        0x2 CMakeFiles/H7B_Example.elf.dir/Core/Src/stm32h7xx_it.c.obj
                0x08001f90                UsageFault_Handler
 .text.SVC_Handler
                0x08001f92        0x2 CMakeFiles/H7B_Example.elf.dir/Core/Src/stm32h7xx_it.c.obj
                0x08001f92                SVC_Handler
 .text.DebugMon_Handler
                0x08001f94        0x2 CMakeFiles/H7B_Example.elf.dir/Core/Src/stm32h7xx_it.c.obj
                0x08001f94                DebugMon_Handler
 .text.PendSV_Handler
                0x08001f96        0x2 CMakeFiles/H7B_Example.elf.dir/Core/Src/stm32h7xx_it.c.obj
                0x08001f96                PendSV_Handler
 .text.SysTick_Handler
                0x08001f98        0x8 CMakeFiles/H7B_Example.elf.dir/Core/Src/stm32h7xx_it.c.obj
                0x08001f98                SysTick_Handler
 .text.USART1_IRQHandler
                0x08001fa0       0x10 CMakeFiles/H7B_Example.elf.dir/Core/Src/stm32h7xx_it.c.obj
                0x08001fa0                USART1_IRQHandler
 .text._getpid  0x08001fb0        0x4 CMakeFiles/H7B_Example.elf.dir/Core/Src/syscalls.c.obj
                0x08001fb0                _getpid
 .text._kill    0x08001fb4       0x10 CMakeFiles/H7B_Example.elf.dir/Core/Src/syscalls.c.obj
                0x08001fb4                _kill
 .text._exit    0x08001fc4        0xc CMakeFiles/H7B_Example.elf.dir/Core/Src/syscalls.c.obj
                0x08001fc4                _exit
 .text._sbrk    0x08001fd0       0x48 CMakeFiles/H7B_Example.elf.dir/Core/Src/sysmem.c.obj
                0x08001fd0                _sbrk
 .text.SystemInit
                0x08002018       0x98 CMakeFiles/H7B_Example.elf.dir/Core/Src/system_stm32h7xx.c.obj
                0x08002018                SystemInit
 .text.MX_USART1_UART_Init
                0x080020b0       0x68 CMakeFiles/H7B_Example.elf.dir/Core/Src/usart.c.obj
                0x080020b0                MX_USART1_UART_Init
 .text.HAL_UART_MspInit
                0x08002118       0xa8 CMakeFiles/H7B_Example.elf.dir/Core/Src/usart.c.obj
                0x08002118                HAL_UART_MspInit
 .text.Reset_Handler
                0x080021c0       0x50 CMakeFiles/H7B_Example.elf.dir/Core/Startup/startup_stm32h7b0vbtx.s.obj
                0x080021c0                Reset_Handler
 .text.Default_Handler
                0x08002210        0x2 CMakeFiles/H7B_Example.elf.dir/Core/Startup/startup_stm32h7b0vbtx.s.obj
                0x08002210                RTC_Alarm_IRQHandler
                0x08002210                HASH_RNG_IRQHandler
                0x08002210                EXTI2_IRQHandler
                0x08002210                TIM8_CC_IRQHandler
                0x08002210                UART8_IRQHandler
                0x08002210                BDMA2_Channel1_IRQHandler
                0x08002210                SPI4_IRQHandler
                0x08002210                BDMA2_Channel0_IRQHandler
                0x08002210                TIM1_CC_IRQHandler
                0x08002210                DMA2_Stream5_IRQHandler
                0x08002210                JPEG_IRQHandler
                0x08002210                DMA1_Stream5_IRQHandler
                0x08002210                EXTI3_IRQHandler
                0x08002210                LPTIM4_IRQHandler
                0x08002210                TIM8_TRG_COM_TIM14_IRQHandler
                0x08002210                LPTIM2_IRQHandler
                0x08002210                DFSDM1_FLT1_IRQHandler
                0x08002210                DMAMUX2_OVR_IRQHandler
                0x08002210                GFXMMU_IRQHandler
                0x08002210                TIM8_UP_TIM13_IRQHandler
                0x08002210                I2C3_ER_IRQHandler
                0x08002210                DFSDM1_FLT2_IRQHandler
                0x08002210                USART10_IRQHandler
                0x08002210                MDMA_IRQHandler
                0x08002210                LPTIM3_IRQHandler
                0x08002210                BDMA2_Channel3_IRQHandler
                0x08002210                HSEM1_IRQHandler
                0x08002210                EXTI0_IRQHandler
                0x08002210                I2C2_EV_IRQHandler
                0x08002210                DAC2_IRQHandler
                0x08002210                DMA1_Stream2_IRQHandler
                0x08002210                FPU_IRQHandler
                0x08002210                OTG_HS_WKUP_IRQHandler
                0x08002210                FDCAN1_IT1_IRQHandler
                0x08002210                LTDC_ER_IRQHandler
                0x08002210                DMA2_Stream2_IRQHandler
                0x08002210                SPI1_IRQHandler
                0x08002210                OCTOSPI1_IRQHandler
                0x08002210                TIM6_DAC_IRQHandler
                0x08002210                BDMA2_Channel6_IRQHandler
                0x08002210                DMA2_Stream3_IRQHandler
                0x08002210                OCTOSPI2_IRQHandler
                0x08002210                SAI2_IRQHandler
                0x08002210                BDMA1_IRQHandler
                0x08002210                DFSDM1_FLT3_IRQHandler
                0x08002210                USART6_IRQHandler
                0x08002210                TIM17_IRQHandler
                0x08002210                USART3_IRQHandler
                0x08002210                CRYP_IRQHandler
                0x08002210                LPTIM5_IRQHandler
                0x08002210                UART5_IRQHandler
                0x08002210                DMA2_Stream0_IRQHandler
                0x08002210                TIM4_IRQHandler
                0x08002210                I2C1_EV_IRQHandler
                0x08002210                DMA1_Stream6_IRQHandler
                0x08002210                DMAMUX1_OVR_IRQHandler
                0x08002210                DMA1_Stream1_IRQHandler
                0x08002210                TIM16_IRQHandler
                0x08002210                UART4_IRQHandler
                0x08002210                TIM3_IRQHandler
                0x08002210                RCC_IRQHandler
                0x08002210                UART9_IRQHandler
                0x08002210                TIM8_BRK_TIM12_IRQHandler
                0x08002210                TIM1_TRG_COM_IRQHandler
                0x08002210                Default_Handler
                0x08002210                ECC_IRQHandler
                0x08002210                BDMA2_Channel2_IRQHandler
                0x08002210                CEC_IRQHandler
                0x08002210                EXTI15_10_IRQHandler
                0x08002210                DFSDM1_FLT4_IRQHandler
                0x08002210                ADC_IRQHandler
                0x08002210                OTFDEC1_IRQHandler
                0x08002210                DMA1_Stream7_IRQHandler
                0x08002210                SPI5_IRQHandler
                0x08002210                TIM7_IRQHandler
                0x08002210                SDMMC1_IRQHandler
                0x08002210                TIM5_IRQHandler
                0x08002210                DMA2_Stream7_IRQHandler
                0x08002210                TIM15_IRQHandler
                0x08002210                I2C3_EV_IRQHandler
                0x08002210                DFSDM2_IRQHandler
                0x08002210                EXTI9_5_IRQHandler
                0x08002210                RTC_WKUP_IRQHandler
                0x08002210                LTDC_IRQHandler
                0x08002210                SPDIF_RX_IRQHandler
                0x08002210                PVD_PVM_IRQHandler
                0x08002210                SPI2_IRQHandler
                0x08002210                OTG_HS_EP1_IN_IRQHandler
                0x08002210                DFSDM1_FLT5_IRQHandler
                0x08002210                DMA1_Stream0_IRQHandler
                0x08002210                OTFDEC2_IRQHandler
                0x08002210                CRS_IRQHandler
                0x08002210                EXTI4_IRQHandler
                0x08002210                DFSDM1_FLT6_IRQHandler
                0x08002210                FDCAN2_IT1_IRQHandler
                0x08002210                COMP_IRQHandler
                0x08002210                TIM1_UP_IRQHandler
                0x08002210                OTG_HS_EP1_OUT_IRQHandler
                0x08002210                WWDG_IRQHandler
                0x08002210                SPI6_IRQHandler
                0x08002210                MDIOS_IRQHandler
                0x08002210                I2C4_EV_IRQHandler
                0x08002210                FDCAN2_IT0_IRQHandler
                0x08002210                LPUART1_IRQHandler
                0x08002210                FDCAN1_IT0_IRQHandler
                0x08002210                TIM2_IRQHandler
                0x08002210                BDMA2_Channel5_IRQHandler
                0x08002210                OTG_HS_IRQHandler
                0x08002210                DMA2D_IRQHandler
                0x08002210                TIM1_BRK_IRQHandler
                0x08002210                EXTI1_IRQHandler
                0x08002210                SDMMC2_IRQHandler
                0x08002210                DTS_IRQHandler
                0x08002210                UART7_IRQHandler
                0x08002210                MDIOS_WKUP_IRQHandler
                0x08002210                USART2_IRQHandler
                0x08002210                DFSDM1_FLT0_IRQHandler
                0x08002210                I2C2_ER_IRQHandler
                0x08002210                DMA2_Stream1_IRQHandler
                0x08002210                DFSDM1_FLT7_IRQHandler
                0x08002210                FLASH_IRQHandler
                0x08002210                DMA2_Stream4_IRQHandler
                0x08002210                SPI3_IRQHandler
                0x08002210                WAKEUP_PIN_IRQHandler
                0x08002210                DMA1_Stream4_IRQHandler
                0x08002210                I2C1_ER_IRQHandler
                0x08002210                FMC_IRQHandler
                0x08002210                BDMA2_Channel7_IRQHandler
                0x08002210                FDCAN_CAL_IRQHandler
                0x08002210                SWPMI1_IRQHandler
                0x08002210                LPTIM1_IRQHandler
                0x08002210                DCMI_PSSI_IRQHandler
                0x08002210                I2C4_ER_IRQHandler
                0x08002210                DMA2_Stream6_IRQHandler
                0x08002210                SAI1_IRQHandler
                0x08002210                DMA1_Stream3_IRQHandler
                0x08002210                RTC_TAMP_STAMP_CSS_LSE_IRQHandler
                0x08002210                BDMA2_Channel4_IRQHandler
 *fill*         0x08002212        0x2 
 .text.HAL_InitTick
                0x08002214       0x50 CMakeFiles/H7B_Example.elf.dir/Drivers/STM32H7xx_HAL_Driver/Src/stm32h7xx_hal.c.obj
                0x08002214                HAL_InitTick
 .text.HAL_Init
                0x08002264       0x5c CMakeFiles/H7B_Example.elf.dir/Drivers/STM32H7xx_HAL_Driver/Src/stm32h7xx_hal.c.obj
                0x08002264                HAL_Init
 .text.HAL_IncTick
                0x080022c0       0x18 CMakeFiles/H7B_Example.elf.dir/Drivers/STM32H7xx_HAL_Driver/Src/stm32h7xx_hal.c.obj
                0x080022c0                HAL_IncTick
 .text.HAL_GetTick
                0x080022d8        0xc CMakeFiles/H7B_Example.elf.dir/Drivers/STM32H7xx_HAL_Driver/Src/stm32h7xx_hal.c.obj
                0x080022d8                HAL_GetTick
 .text.HAL_Delay
                0x080022e4       0x28 CMakeFiles/H7B_Example.elf.dir/Drivers/STM32H7xx_HAL_Driver/Src/stm32h7xx_hal.c.obj
                0x080022e4                HAL_Delay
 .text.HAL_NVIC_SetPriorityGrouping
                0x0800230c       0x24 CMakeFiles/H7B_Example.elf.dir/Drivers/STM32H7xx_HAL_Driver/Src/stm32h7xx_hal_cortex.c.obj
                0x0800230c                HAL_NVIC_SetPriorityGrouping
 .text.HAL_NVIC_SetPriority
                0x08002330       0x6c CMakeFiles/H7B_Example.elf.dir/Drivers/STM32H7xx_HAL_Driver/Src/stm32h7xx_hal_cortex.c.obj
                0x08002330                HAL_NVIC_SetPriority
 .text.HAL_NVIC_EnableIRQ
                0x0800239c       0x1c CMakeFiles/H7B_Example.elf.dir/Drivers/STM32H7xx_HAL_Driver/Src/stm32h7xx_hal_cortex.c.obj
                0x0800239c                HAL_NVIC_EnableIRQ
 .text.HAL_SYSTICK_Config
                0x080023b8       0x28 CMakeFiles/H7B_Example.elf.dir/Drivers/STM32H7xx_HAL_Driver/Src/stm32h7xx_hal_cortex.c.obj
                0x080023b8                HAL_SYSTICK_Config
 .text.HAL_DMA_Abort
                0x080023e0      0x340 CMakeFiles/H7B_Example.elf.dir/Drivers/STM32H7xx_HAL_Driver/Src/stm32h7xx_hal_dma.c.obj
                0x080023e0                HAL_DMA_Abort
 .text.HAL_DMA_Abort_IT
                0x08002720      0x270 CMakeFiles/H7B_Example.elf.dir/Drivers/STM32H7xx_HAL_Driver/Src/stm32h7xx_hal_dma.c.obj
                0x08002720                HAL_DMA_Abort_IT
 .text.HAL_GPIO_Init
                0x08002990      0x228 CMakeFiles/H7B_Example.elf.dir/Drivers/STM32H7xx_HAL_Driver/Src/stm32h7xx_hal_gpio.c.obj
                0x08002990                HAL_GPIO_Init
 .text.HAL_GPIO_WritePin
                0x08002bb8        0xc CMakeFiles/H7B_Example.elf.dir/Drivers/STM32H7xx_HAL_Driver/Src/stm32h7xx_hal_gpio.c.obj
                0x08002bb8                HAL_GPIO_WritePin
 .text.HAL_PWREx_ConfigSupply
                0x08002bc4       0x54 CMakeFiles/H7B_Example.elf.dir/Drivers/STM32H7xx_HAL_Driver/Src/stm32h7xx_hal_pwr_ex.c.obj
                0x08002bc4                HAL_PWREx_ConfigSupply
 .text.HAL_RCC_OscConfig
                0x08002c18      0x664 CMakeFiles/H7B_Example.elf.dir/Drivers/STM32H7xx_HAL_Driver/Src/stm32h7xx_hal_rcc.c.obj
                0x08002c18                HAL_RCC_OscConfig
 .text.HAL_RCC_GetSysClockFreq
                0x0800327c      0x218 CMakeFiles/H7B_Example.elf.dir/Drivers/STM32H7xx_HAL_Driver/Src/stm32h7xx_hal_rcc.c.obj
                0x0800327c                HAL_RCC_GetSysClockFreq
 .text.HAL_RCC_ClockConfig
                0x08003494      0x294 CMakeFiles/H7B_Example.elf.dir/Drivers/STM32H7xx_HAL_Driver/Src/stm32h7xx_hal_rcc.c.obj
                0x08003494                HAL_RCC_ClockConfig
 .text.HAL_RCC_GetHCLKFreq
                0x08003728       0x44 CMakeFiles/H7B_Example.elf.dir/Drivers/STM32H7xx_HAL_Driver/Src/stm32h7xx_hal_rcc.c.obj
                0x08003728                HAL_RCC_GetHCLKFreq
 .text.HAL_RCC_GetPCLK1Freq
                0x0800376c       0x24 CMakeFiles/H7B_Example.elf.dir/Drivers/STM32H7xx_HAL_Driver/Src/stm32h7xx_hal_rcc.c.obj
                0x0800376c                HAL_RCC_GetPCLK1Freq
 .text.HAL_RCC_GetPCLK2Freq
                0x08003790       0x24 CMakeFiles/H7B_Example.elf.dir/Drivers/STM32H7xx_HAL_Driver/Src/stm32h7xx_hal_rcc.c.obj
                0x08003790                HAL_RCC_GetPCLK2Freq
 .text.RCCEx_PLL2_Config
                0x080037b4      0x10c CMakeFiles/H7B_Example.elf.dir/Drivers/STM32H7xx_HAL_Driver/Src/stm32h7xx_hal_rcc_ex.c.obj
 .text.RCCEx_PLL3_Config
                0x080038c0      0x10c CMakeFiles/H7B_Example.elf.dir/Drivers/STM32H7xx_HAL_Driver/Src/stm32h7xx_hal_rcc_ex.c.obj
 .text.HAL_RCCEx_PeriphCLKConfig
                0x080039cc      0xa2c CMakeFiles/H7B_Example.elf.dir/Drivers/STM32H7xx_HAL_Driver/Src/stm32h7xx_hal_rcc_ex.c.obj
                0x080039cc                HAL_RCCEx_PeriphCLKConfig
 .text.HAL_RCCEx_GetD3PCLK1Freq
                0x080043f8       0x24 CMakeFiles/H7B_Example.elf.dir/Drivers/STM32H7xx_HAL_Driver/Src/stm32h7xx_hal_rcc_ex.c.obj
                0x080043f8                HAL_RCCEx_GetD3PCLK1Freq
 .text.HAL_RCCEx_GetPLL2ClockFreq
                0x0800441c      0x234 CMakeFiles/H7B_Example.elf.dir/Drivers/STM32H7xx_HAL_Driver/Src/stm32h7xx_hal_rcc_ex.c.obj
                0x0800441c                HAL_RCCEx_GetPLL2ClockFreq
 .text.HAL_RCCEx_GetPLL3ClockFreq
                0x08004650      0x234 CMakeFiles/H7B_Example.elf.dir/Drivers/STM32H7xx_HAL_Driver/Src/stm32h7xx_hal_rcc_ex.c.obj
                0x08004650                HAL_RCCEx_GetPLL3ClockFreq
 .text.UART_EndRxTransfer
                0x08004884       0x58 CMakeFiles/H7B_Example.elf.dir/Drivers/STM32H7xx_HAL_Driver/Src/stm32h7xx_hal_uart.c.obj
 .text.HAL_UART_TxCpltCallback
                0x080048dc        0x2 CMakeFiles/H7B_Example.elf.dir/Drivers/STM32H7xx_HAL_Driver/Src/stm32h7xx_hal_uart.c.obj
                0x080048dc                HAL_UART_TxCpltCallback
 .text.UART_EndTransmit_IT
                0x080048de       0x24 CMakeFiles/H7B_Example.elf.dir/Drivers/STM32H7xx_HAL_Driver/Src/stm32h7xx_hal_uart.c.obj
 .text.HAL_UART_ErrorCallback
                0x08004902        0x2 CMakeFiles/H7B_Example.elf.dir/Drivers/STM32H7xx_HAL_Driver/Src/stm32h7xx_hal_uart.c.obj
                0x08004902                HAL_UART_ErrorCallback
 .text.UART_DMAAbortOnError
                0x08004904       0x14 CMakeFiles/H7B_Example.elf.dir/Drivers/STM32H7xx_HAL_Driver/Src/stm32h7xx_hal_uart.c.obj
 .text.HAL_UARTEx_RxEventCallback
                0x08004918        0x2 CMakeFiles/H7B_Example.elf.dir/Drivers/STM32H7xx_HAL_Driver/Src/stm32h7xx_hal_uart.c.obj
                0x08004918                HAL_UARTEx_RxEventCallback
 *fill*         0x0800491a        0x2 
 .text.HAL_UART_IRQHandler
                0x0800491c      0x3b8 CMakeFiles/H7B_Example.elf.dir/Drivers/STM32H7xx_HAL_Driver/Src/stm32h7xx_hal_uart.c.obj
                0x0800491c                HAL_UART_IRQHandler
 .text.UART_RxISR_8BIT
                0x08004cd4       0xdc CMakeFiles/H7B_Example.elf.dir/Drivers/STM32H7xx_HAL_Driver/Src/stm32h7xx_hal_uart.c.obj
 .text.UART_RxISR_16BIT
                0x08004db0       0xd8 CMakeFiles/H7B_Example.elf.dir/Drivers/STM32H7xx_HAL_Driver/Src/stm32h7xx_hal_uart.c.obj
 .text.UART_RxISR_8BIT_FIFOEN
                0x08004e88      0x1cc CMakeFiles/H7B_Example.elf.dir/Drivers/STM32H7xx_HAL_Driver/Src/stm32h7xx_hal_uart.c.obj
 .text.UART_RxISR_16BIT_FIFOEN
                0x08005054      0x1c8 CMakeFiles/H7B_Example.elf.dir/Drivers/STM32H7xx_HAL_Driver/Src/stm32h7xx_hal_uart.c.obj
 .text.UART_SetConfig
                0x0800521c      0x6bc CMakeFiles/H7B_Example.elf.dir/Drivers/STM32H7xx_HAL_Driver/Src/stm32h7xx_hal_uart.c.obj
                0x0800521c                UART_SetConfig
 .text.UART_AdvFeatureConfig
                0x080058d8       0xca CMakeFiles/H7B_Example.elf.dir/Drivers/STM32H7xx_HAL_Driver/Src/stm32h7xx_hal_uart.c.obj
                0x080058d8                UART_AdvFeatureConfig
 .text.UART_WaitOnFlagUntilTimeout
                0x080059a2       0x9a CMakeFiles/H7B_Example.elf.dir/Drivers/STM32H7xx_HAL_Driver/Src/stm32h7xx_hal_uart.c.obj
                0x080059a2                UART_WaitOnFlagUntilTimeout
 .text.HAL_UART_Transmit
                0x08005a3c       0xd0 CMakeFiles/H7B_Example.elf.dir/Drivers/STM32H7xx_HAL_Driver/Src/stm32h7xx_hal_uart.c.obj
                0x08005a3c                HAL_UART_Transmit
 .text.HAL_UART_Receive
                0x08005b0c      0x116 CMakeFiles/H7B_Example.elf.dir/Drivers/STM32H7xx_HAL_Driver/Src/stm32h7xx_hal_uart.c.obj
                0x08005b0c                HAL_UART_Receive
 .text.UART_CheckIdleState
                0x08005c22       0xca CMakeFiles/H7B_Example.elf.dir/Drivers/STM32H7xx_HAL_Driver/Src/stm32h7xx_hal_uart.c.obj
                0x08005c22                UART_CheckIdleState
 .text.HAL_UART_Init
                0x08005cec       0x66 CMakeFiles/H7B_Example.elf.dir/Drivers/STM32H7xx_HAL_Driver/Src/stm32h7xx_hal_uart.c.obj
                0x08005cec                HAL_UART_Init
 *fill*         0x08005d52        0x2 
 .text.UART_Start_Receive_IT
                0x08005d54      0x13c CMakeFiles/H7B_Example.elf.dir/Drivers/STM32H7xx_HAL_Driver/Src/stm32h7xx_hal_uart.c.obj
                0x08005d54                UART_Start_Receive_IT
 .text.HAL_UART_Receive_IT
                0x08005e90       0x4c CMakeFiles/H7B_Example.elf.dir/Drivers/STM32H7xx_HAL_Driver/Src/stm32h7xx_hal_uart.c.obj
                0x08005e90                HAL_UART_Receive_IT
 .text.UARTEx_SetNbDataToProcess
                0x08005edc       0x4c CMakeFiles/H7B_Example.elf.dir/Drivers/STM32H7xx_HAL_Driver/Src/stm32h7xx_hal_uart_ex.c.obj
 .text.HAL_UARTEx_WakeupCallback
                0x08005f28        0x2 CMakeFiles/H7B_Example.elf.dir/Drivers/STM32H7xx_HAL_Driver/Src/stm32h7xx_hal_uart_ex.c.obj
                0x08005f28                HAL_UARTEx_WakeupCallback
 .text.HAL_UARTEx_RxFifoFullCallback
                0x08005f2a        0x2 CMakeFiles/H7B_Example.elf.dir/Drivers/STM32H7xx_HAL_Driver/Src/stm32h7xx_hal_uart_ex.c.obj
                0x08005f2a                HAL_UARTEx_RxFifoFullCallback
 .text.HAL_UARTEx_TxFifoEmptyCallback
                0x08005f2c        0x2 CMakeFiles/H7B_Example.elf.dir/Drivers/STM32H7xx_HAL_Driver/Src/stm32h7xx_hal_uart_ex.c.obj
                0x08005f2c                HAL_UARTEx_TxFifoEmptyCallback
 .text.HAL_UARTEx_DisableFifoMode
                0x08005f2e       0x3e CMakeFiles/H7B_Example.elf.dir/Drivers/STM32H7xx_HAL_Driver/Src/stm32h7xx_hal_uart_ex.c.obj
                0x08005f2e                HAL_UARTEx_DisableFifoMode
 .text.HAL_UARTEx_SetTxFifoThreshold
                0x08005f6c       0x4a CMakeFiles/H7B_Example.elf.dir/Drivers/STM32H7xx_HAL_Driver/Src/stm32h7xx_hal_uart_ex.c.obj
                0x08005f6c                HAL_UARTEx_SetTxFifoThreshold
 .text.HAL_UARTEx_SetRxFifoThreshold
                0x08005fb6       0x4a CMakeFiles/H7B_Example.elf.dir/Drivers/STM32H7xx_HAL_Driver/Src/stm32h7xx_hal_uart_ex.c.obj
                0x08005fb6                HAL_UARTEx_SetRxFifoThreshold
 .text.shellAdd
                0x08006000       0x24 CMakeFiles/H7B_Example.elf.dir/Users/LetterShell/shell.c.obj
 .text.shellDisplayByte
                0x08006024        0xe CMakeFiles/H7B_Example.elf.dir/Users/LetterShell/shell.c.obj
 .text.shellStringCopy
                0x08006032       0x16 CMakeFiles/H7B_Example.elf.dir/Users/LetterShell/shell.c.obj
 .text.shellStringCompare
                0x08006048       0x2c CMakeFiles/H7B_Example.elf.dir/Users/LetterShell/shell.c.obj
 .text.shellAnsiStart
                0x08006074       0x10 CMakeFiles/H7B_Example.elf.dir/Users/LetterShell/shell.c.obj
 .text.shellHistoryAdd
                0x08006084       0x6c CMakeFiles/H7B_Example.elf.dir/Users/LetterShell/shell.c.obj
 .text.shellGetCurrent
                0x080060f0       0x2c CMakeFiles/H7B_Example.elf.dir/Users/LetterShell/shell.c.obj
                0x080060f0                shellGetCurrent
 .text.shellDisplay
                0x0800611c       0x2a CMakeFiles/H7B_Example.elf.dir/Users/LetterShell/shell.c.obj
                0x0800611c                shellDisplay
 *fill*         0x08006146        0x2 
 .text.shellDelete
                0x08006148       0x20 CMakeFiles/H7B_Example.elf.dir/Users/LetterShell/shell.c.obj
 .text.shellBackspace
                0x08006168       0xa4 CMakeFiles/H7B_Example.elf.dir/Users/LetterShell/shell.c.obj
 .text.shellClearLine
                0x0800620c       0x28 CMakeFiles/H7B_Example.elf.dir/Users/LetterShell/shell.c.obj
 .text.shellDisplayItem
                0x08006234       0x58 CMakeFiles/H7B_Example.elf.dir/Users/LetterShell/shell.c.obj
 .text.shellInit
                0x0800628c       0x70 CMakeFiles/H7B_Example.elf.dir/Users/LetterShell/shell.c.obj
                0x0800628c                shellInit
 .text.shellHistory
                0x080062fc       0x9c CMakeFiles/H7B_Example.elf.dir/Users/LetterShell/shell.c.obj
 .text.shellNormal
                0x08006398       0xc0 CMakeFiles/H7B_Example.elf.dir/Users/LetterShell/shell.c.obj
 .text.shellHelp
                0x08006458       0xc4 CMakeFiles/H7B_Example.elf.dir/Users/LetterShell/shell.c.obj
                0x08006458                shellHelp
 .text.shellTab
                0x0800651c       0xfc CMakeFiles/H7B_Example.elf.dir/Users/LetterShell/shell.c.obj
 .text.shellEnter
                0x08006618      0x148 CMakeFiles/H7B_Example.elf.dir/Users/LetterShell/shell.c.obj
 .text.shellClear
                0x08006760       0x14 CMakeFiles/H7B_Example.elf.dir/Users/LetterShell/shell.c.obj
                0x08006760                shellClear
 .text.shellAnsi
                0x08006774       0x8c CMakeFiles/H7B_Example.elf.dir/Users/LetterShell/shell.c.obj
                0x08006774                shellAnsi
 .text.shellHandler
                0x08006800       0x9c CMakeFiles/H7B_Example.elf.dir/Users/LetterShell/shell.c.obj
                0x08006800                shellHandler
 .text.ShellWrite
                0x0800689c       0x24 CMakeFiles/H7B_Example.elf.dir/Users/LetterShell/shell.c.obj
                0x0800689c                ShellWrite
 .text.shellExtNumType
                0x080068c0       0x50 CMakeFiles/H7B_Example.elf.dir/Users/LetterShell/shell_ext.c.obj
 .text.shellExtToNum
                0x08006910       0x2e CMakeFiles/H7B_Example.elf.dir/Users/LetterShell/shell_ext.c.obj
 *fill*         0x0800693e        0x2 
 .text.shellExtParseChar
                0x08006940       0x88 CMakeFiles/H7B_Example.elf.dir/Users/LetterShell/shell_ext.c.obj
 .text.shellExtParseString
                0x080069c8       0x40 CMakeFiles/H7B_Example.elf.dir/Users/LetterShell/shell_ext.c.obj
 .text.shellExtParseNumber
                0x08006a08       0xbe CMakeFiles/H7B_Example.elf.dir/Users/LetterShell/shell_ext.c.obj
 .text.shellExtParsePara
                0x08006ac6       0x34 CMakeFiles/H7B_Example.elf.dir/Users/LetterShell/shell_ext.c.obj
                0x08006ac6                shellExtParsePara
 .text.shellExtRun
                0x08006afa      0x156 CMakeFiles/H7B_Example.elf.dir/Users/LetterShell/shell_ext.c.obj
                0x08006afa                shellExtRun
 .text.RetargetInit
                0x08006c50       0x20 CMakeFiles/H7B_Example.elf.dir/Users/Retarget/Retarget.c.obj
                0x08006c50                RetargetInit
 .text._write   0x08006c70       0x34 CMakeFiles/H7B_Example.elf.dir/Users/Retarget/Retarget.c.obj
                0x08006c70                _write
 .text._close   0x08006ca4       0x18 CMakeFiles/H7B_Example.elf.dir/Users/Retarget/Retarget.c.obj
                0x08006ca4                _close
 .text._lseek   0x08006cbc       0x10 CMakeFiles/H7B_Example.elf.dir/Users/Retarget/Retarget.c.obj
                0x08006cbc                _lseek
 .text._read    0x08006ccc       0x30 CMakeFiles/H7B_Example.elf.dir/Users/Retarget/Retarget.c.obj
                0x08006ccc                _read
 .text._fstat   0x08006cfc       0x1a CMakeFiles/H7B_Example.elf.dir/Users/Retarget/Retarget.c.obj
                0x08006cfc                _fstat
 *fill*         0x08006d16        0x2 
 .text.SelfMain
                0x08006d18       0x38 CMakeFiles/H7B_Example.elf.dir/Users/selfmain.cpp.obj
                0x08006d18                SelfMain
 .text.HAL_UART_RxCpltCallback
                0x08006d50       0x34 CMakeFiles/H7B_Example.elf.dir/Users/selfmain.cpp.obj
                0x08006d50                HAL_UART_RxCpltCallback
 .text.abort    0x08006d84       0x10 s:/gcc-arm-none-eabi/gcc-arm-none-eabi-10.3-2021.10/bin/../lib/gcc/arm-none-eabi/10.3.1/../../../../arm-none-eabi/lib/thumb/v7e-m/nofp\libg.a(lib_a-abort.o)
                0x08006d84                abort
 .text.__errno  0x08006d94        0xc s:/gcc-arm-none-eabi/gcc-arm-none-eabi-10.3-2021.10/bin/../lib/gcc/arm-none-eabi/10.3.1/../../../../arm-none-eabi/lib/thumb/v7e-m/nofp\libg.a(lib_a-errno.o)
                0x08006d94                __errno
 .text.__libc_init_array
                0x08006da0       0x48 s:/gcc-arm-none-eabi/gcc-arm-none-eabi-10.3-2021.10/bin/../lib/gcc/arm-none-eabi/10.3.1/../../../../arm-none-eabi/lib/thumb/v7e-m/nofp\libg.a(lib_a-init.o)
                0x08006da0                __libc_init_array
 .text.memset   0x08006de8       0xa4 s:/gcc-arm-none-eabi/gcc-arm-none-eabi-10.3-2021.10/bin/../lib/gcc/arm-none-eabi/10.3.1/../../../../arm-none-eabi/lib/thumb/v7e-m/nofp\libg.a(lib_a-memset.o)
                0x08006de8                memset
 .text.setvbuf  0x08006e8c      0x1b0 s:/gcc-arm-none-eabi/gcc-arm-none-eabi-10.3-2021.10/bin/../lib/gcc/arm-none-eabi/10.3.1/../../../../arm-none-eabi/lib/thumb/v7e-m/nofp\libg.a(lib_a-setvbuf.o)
                0x08006e8c                setvbuf
 .text.raise    0x0800703c       0x5c s:/gcc-arm-none-eabi/gcc-arm-none-eabi-10.3-2021.10/bin/../lib/gcc/arm-none-eabi/10.3.1/../../../../arm-none-eabi/lib/thumb/v7e-m/nofp\libg.a(lib_a-signal.o)
                0x0800703c                raise
 .text._kill_r  0x08007098       0x2c s:/gcc-arm-none-eabi/gcc-arm-none-eabi-10.3-2021.10/bin/../lib/gcc/arm-none-eabi/10.3.1/../../../../arm-none-eabi/lib/thumb/v7e-m/nofp\libg.a(lib_a-signalr.o)
                0x08007098                _kill_r
 .text._getpid_r
                0x080070c4        0x4 s:/gcc-arm-none-eabi/gcc-arm-none-eabi-10.3-2021.10/bin/../lib/gcc/arm-none-eabi/10.3.1/../../../../arm-none-eabi/lib/thumb/v7e-m/nofp\libg.a(lib_a-signalr.o)
                0x080070c4                _getpid_r
 .text.startup.register_fini
                0x080070c8       0x14 s:/gcc-arm-none-eabi/gcc-arm-none-eabi-10.3-2021.10/bin/../lib/gcc/arm-none-eabi/10.3.1/../../../../arm-none-eabi/lib/thumb/v7e-m/nofp\libg.a(lib_a-__call_atexit.o)
 .text.atexit   0x080070dc        0xc s:/gcc-arm-none-eabi/gcc-arm-none-eabi-10.3-2021.10/bin/../lib/gcc/arm-none-eabi/10.3.1/../../../../arm-none-eabi/lib/thumb/v7e-m/nofp\libg.a(lib_a-atexit.o)
                0x080070dc                atexit
 .text.__sflush_r
                0x080070e8      0x120 s:/gcc-arm-none-eabi/gcc-arm-none-eabi-10.3-2021.10/bin/../lib/gcc/arm-none-eabi/10.3.1/../../../../arm-none-eabi/lib/thumb/v7e-m/nofp\libg.a(lib_a-fflush.o)
                0x080070e8                __sflush_r
 .text._fflush_r
                0x08007208       0x5c s:/gcc-arm-none-eabi/gcc-arm-none-eabi-10.3-2021.10/bin/../lib/gcc/arm-none-eabi/10.3.1/../../../../arm-none-eabi/lib/thumb/v7e-m/nofp\libg.a(lib_a-fflush.o)
                0x08007208                _fflush_r
 .text._cleanup_r
                0x08007264        0xc s:/gcc-arm-none-eabi/gcc-arm-none-eabi-10.3-2021.10/bin/../lib/gcc/arm-none-eabi/10.3.1/../../../../arm-none-eabi/lib/thumb/v7e-m/nofp\libg.a(lib_a-findfp.o)
                0x08007264                _cleanup_r
 .text.__sinit  0x08007270      0x10c s:/gcc-arm-none-eabi/gcc-arm-none-eabi-10.3-2021.10/bin/../lib/gcc/arm-none-eabi/10.3.1/../../../../arm-none-eabi/lib/thumb/v7e-m/nofp\libg.a(lib_a-findfp.o)
                0x08007270                __sinit
 .text.__sfp_lock_acquire
                0x0800737c        0xc s:/gcc-arm-none-eabi/gcc-arm-none-eabi-10.3-2021.10/bin/../lib/gcc/arm-none-eabi/10.3.1/../../../../arm-none-eabi/lib/thumb/v7e-m/nofp\libg.a(lib_a-findfp.o)
                0x0800737c                __sfp_lock_acquire
 .text.__sfp_lock_release
                0x08007388        0xc s:/gcc-arm-none-eabi/gcc-arm-none-eabi-10.3-2021.10/bin/../lib/gcc/arm-none-eabi/10.3.1/../../../../arm-none-eabi/lib/thumb/v7e-m/nofp\libg.a(lib_a-findfp.o)
                0x08007388                __sfp_lock_release
 .text.__libc_fini_array
                0x08007394       0x2c s:/gcc-arm-none-eabi/gcc-arm-none-eabi-10.3-2021.10/bin/../lib/gcc/arm-none-eabi/10.3.1/../../../../arm-none-eabi/lib/thumb/v7e-m/nofp\libg.a(lib_a-fini.o)
                0x08007394                __libc_fini_array
 .text._malloc_trim_r
                0x080073c0       0xa0 s:/gcc-arm-none-eabi/gcc-arm-none-eabi-10.3-2021.10/bin/../lib/gcc/arm-none-eabi/10.3.1/../../../../arm-none-eabi/lib/thumb/v7e-m/nofp\libg.a(lib_a-freer.o)
                0x080073c0                _malloc_trim_r
 .text._free_r  0x08007460      0x20c s:/gcc-arm-none-eabi/gcc-arm-none-eabi-10.3-2021.10/bin/../lib/gcc/arm-none-eabi/10.3.1/../../../../arm-none-eabi/lib/thumb/v7e-m/nofp\libg.a(lib_a-freer.o)
                0x08007460                _free_r
 .text._fwalk_reent
                0x0800766c       0x48 s:/gcc-arm-none-eabi/gcc-arm-none-eabi-10.3-2021.10/bin/../lib/gcc/arm-none-eabi/10.3.1/../../../../arm-none-eabi/lib/thumb/v7e-m/nofp\libg.a(lib_a-fwalk.o)
                0x0800766c                _fwalk_reent
 .text.__retarget_lock_init_recursive
                0x080076b4        0x4 s:/gcc-arm-none-eabi/gcc-arm-none-eabi-10.3-2021.10/bin/../lib/gcc/arm-none-eabi/10.3.1/../../../../arm-none-eabi/lib/thumb/v7e-m/nofp\libg.a(lib_a-lock.o)
                0x080076b4                __retarget_lock_init_recursive
 .text.__retarget_lock_close_recursive
                0x080076b8        0x4 s:/gcc-arm-none-eabi/gcc-arm-none-eabi-10.3-2021.10/bin/../lib/gcc/arm-none-eabi/10.3.1/../../../../arm-none-eabi/lib/thumb/v7e-m/nofp\libg.a(lib_a-lock.o)
                0x080076b8                __retarget_lock_close_recursive
 .text.__retarget_lock_acquire_recursive
                0x080076bc        0x4 s:/gcc-arm-none-eabi/gcc-arm-none-eabi-10.3-2021.10/bin/../lib/gcc/arm-none-eabi/10.3.1/../../../../arm-none-eabi/lib/thumb/v7e-m/nofp\libg.a(lib_a-lock.o)
                0x080076bc                __retarget_lock_acquire_recursive
 .text.__retarget_lock_release_recursive
                0x080076c0        0x4 s:/gcc-arm-none-eabi/gcc-arm-none-eabi-10.3-2021.10/bin/../lib/gcc/arm-none-eabi/10.3.1/../../../../arm-none-eabi/lib/thumb/v7e-m/nofp\libg.a(lib_a-lock.o)
                0x080076c0                __retarget_lock_release_recursive
 .text.__swhatbuf_r
                0x080076c4       0x60 s:/gcc-arm-none-eabi/gcc-arm-none-eabi-10.3-2021.10/bin/../lib/gcc/arm-none-eabi/10.3.1/../../../../arm-none-eabi/lib/thumb/v7e-m/nofp\libg.a(lib_a-makebuf.o)
                0x080076c4                __swhatbuf_r
 .text.malloc   0x08007724       0x10 s:/gcc-arm-none-eabi/gcc-arm-none-eabi-10.3-2021.10/bin/../lib/gcc/arm-none-eabi/10.3.1/../../../../arm-none-eabi/lib/thumb/v7e-m/nofp\libg.a(lib_a-malloc.o)
                0x08007724                malloc
 .text._malloc_r
                0x08007734      0x560 s:/gcc-arm-none-eabi/gcc-arm-none-eabi-10.3-2021.10/bin/../lib/gcc/arm-none-eabi/10.3.1/../../../../arm-none-eabi/lib/thumb/v7e-m/nofp\libg.a(lib_a-mallocr.o)
                0x08007734                _malloc_r
 .text.__malloc_lock
                0x08007c94        0xc s:/gcc-arm-none-eabi/gcc-arm-none-eabi-10.3-2021.10/bin/../lib/gcc/arm-none-eabi/10.3.1/../../../../arm-none-eabi/lib/thumb/v7e-m/nofp\libg.a(lib_a-mlock.o)
                0x08007c94                __malloc_lock
 .text.__malloc_unlock
                0x08007ca0        0xc s:/gcc-arm-none-eabi/gcc-arm-none-eabi-10.3-2021.10/bin/../lib/gcc/arm-none-eabi/10.3.1/../../../../arm-none-eabi/lib/thumb/v7e-m/nofp\libg.a(lib_a-mlock.o)
                0x08007ca0                __malloc_unlock
 .text._sbrk_r  0x08007cac       0x24 s:/gcc-arm-none-eabi/gcc-arm-none-eabi-10.3-2021.10/bin/../lib/gcc/arm-none-eabi/10.3.1/../../../../arm-none-eabi/lib/thumb/v7e-m/nofp\libg.a(lib_a-sbrkr.o)
                0x08007cac                _sbrk_r
 .text.__sread  0x08007cd0       0x24 s:/gcc-arm-none-eabi/gcc-arm-none-eabi-10.3-2021.10/bin/../lib/gcc/arm-none-eabi/10.3.1/../../../../arm-none-eabi/lib/thumb/v7e-m/nofp\libg.a(lib_a-stdio.o)
                0x08007cd0                __sread
 .text.__swrite
                0x08007cf4       0x40 s:/gcc-arm-none-eabi/gcc-arm-none-eabi-10.3-2021.10/bin/../lib/gcc/arm-none-eabi/10.3.1/../../../../arm-none-eabi/lib/thumb/v7e-m/nofp\libg.a(lib_a-stdio.o)
                0x08007cf4                __swrite
 .text.__sseek  0x08007d34       0x20 s:/gcc-arm-none-eabi/gcc-arm-none-eabi-10.3-2021.10/bin/../lib/gcc/arm-none-eabi/10.3.1/../../../../arm-none-eabi/lib/thumb/v7e-m/nofp\libg.a(lib_a-stdio.o)
                0x08007d34                __sseek
 .text.__sclose
                0x08007d54        0x8 s:/gcc-arm-none-eabi/gcc-arm-none-eabi-10.3-2021.10/bin/../lib/gcc/arm-none-eabi/10.3.1/../../../../arm-none-eabi/lib/thumb/v7e-m/nofp\libg.a(lib_a-stdio.o)
                0x08007d54                __sclose
 .text._write_r
                0x08007d5c       0x2c s:/gcc-arm-none-eabi/gcc-arm-none-eabi-10.3-2021.10/bin/../lib/gcc/arm-none-eabi/10.3.1/../../../../arm-none-eabi/lib/thumb/v7e-m/nofp\libg.a(lib_a-writer.o)
                0x08007d5c                _write_r
 .text.__register_exitproc
                0x08007d88       0x8c s:/gcc-arm-none-eabi/gcc-arm-none-eabi-10.3-2021.10/bin/../lib/gcc/arm-none-eabi/10.3.1/../../../../arm-none-eabi/lib/thumb/v7e-m/nofp\libg.a(lib_a-__atexit.o)
                0x08007d88                __register_exitproc
 .text._close_r
                0x08007e14       0x24 s:/gcc-arm-none-eabi/gcc-arm-none-eabi-10.3-2021.10/bin/../lib/gcc/arm-none-eabi/10.3.1/../../../../arm-none-eabi/lib/thumb/v7e-m/nofp\libg.a(lib_a-closer.o)
                0x08007e14                _close_r
 .text._fclose_r
                0x08007e38       0xcc s:/gcc-arm-none-eabi/gcc-arm-none-eabi-10.3-2021.10/bin/../lib/gcc/arm-none-eabi/10.3.1/../../../../arm-none-eabi/lib/thumb/v7e-m/nofp\libg.a(lib_a-fclose.o)
                0x08007e38                _fclose_r
 .text._fstat_r
                0x08007f04       0x2c s:/gcc-arm-none-eabi/gcc-arm-none-eabi-10.3-2021.10/bin/../lib/gcc/arm-none-eabi/10.3.1/../../../../arm-none-eabi/lib/thumb/v7e-m/nofp\libg.a(lib_a-fstatr.o)
                0x08007f04                _fstat_r
 .text._lseek_r
                0x08007f30       0x2c s:/gcc-arm-none-eabi/gcc-arm-none-eabi-10.3-2021.10/bin/../lib/gcc/arm-none-eabi/10.3.1/../../../../arm-none-eabi/lib/thumb/v7e-m/nofp\libg.a(lib_a-lseekr.o)
                0x08007f30                _lseek_r
 .text._read_r  0x08007f5c       0x2c s:/gcc-arm-none-eabi/gcc-arm-none-eabi-10.3-2021.10/bin/../lib/gcc/arm-none-eabi/10.3.1/../../../../arm-none-eabi/lib/thumb/v7e-m/nofp\libg.a(lib_a-readr.o)
                0x08007f5c                _read_r
 *(.glue_7)
 .glue_7        0x08007f88        0x0 linker stubs
 *(.glue_7t)
 .glue_7t       0x08007f88        0x0 linker stubs
 *(.eh_frame)
 .eh_frame      0x08007f88        0x0 s:/gcc-arm-none-eabi/gcc-arm-none-eabi-10.3-2021.10/bin/../lib/gcc/arm-none-eabi/10.3.1/thumb/v7e-m/nofp/crtbegin.o
 *(.init)
 .init          0x08007f88        0x4 s:/gcc-arm-none-eabi/gcc-arm-none-eabi-10.3-2021.10/bin/../lib/gcc/arm-none-eabi/10.3.1/thumb/v7e-m/nofp/crti.o
                0x08007f88                _init
 .init          0x08007f8c        0x8 s:/gcc-arm-none-eabi/gcc-arm-none-eabi-10.3-2021.10/bin/../lib/gcc/arm-none-eabi/10.3.1/thumb/v7e-m/nofp/crtn.o
 *(.fini)
 .fini          0x08007f94        0x4 s:/gcc-arm-none-eabi/gcc-arm-none-eabi-10.3-2021.10/bin/../lib/gcc/arm-none-eabi/10.3.1/thumb/v7e-m/nofp/crti.o
                0x08007f94                _fini
 .fini          0x08007f98        0x8 s:/gcc-arm-none-eabi/gcc-arm-none-eabi-10.3-2021.10/bin/../lib/gcc/arm-none-eabi/10.3.1/thumb/v7e-m/nofp/crtn.o
                0x08007fa0                . = ALIGN (0x4)
                0x08007fa0                _etext = .

.vfp11_veneer   0x08007fa0        0x0
 .vfp11_veneer  0x08007fa0        0x0 linker stubs

.v4_bx          0x08007fa0        0x0
 .v4_bx         0x08007fa0        0x0 linker stubs

.iplt           0x08007fa0        0x0
 .iplt          0x08007fa0        0x0 s:/gcc-arm-none-eabi/gcc-arm-none-eabi-10.3-2021.10/bin/../lib/gcc/arm-none-eabi/10.3.1/thumb/v7e-m/nofp/crtbegin.o

.rodata         0x08007fa0      0x2d0
                0x08007fa0                . = ALIGN (0x4)
 *(.rodata)
 *(.rodata*)
 .rodata.D1CorePrescTable
                0x08007fa0       0x10 CMakeFiles/H7B_Example.elf.dir/Core/Src/system_stm32h7xx.c.obj
                0x08007fa0                D1CorePrescTable
 .rodata.UARTPrescTable
                0x08007fb0       0x18 CMakeFiles/H7B_Example.elf.dir/Drivers/STM32H7xx_HAL_Driver/Src/stm32h7xx_hal_uart.c.obj
                0x08007fb0                UARTPrescTable
 .rodata.denominator.0
                0x08007fc8        0x8 CMakeFiles/H7B_Example.elf.dir/Drivers/STM32H7xx_HAL_Driver/Src/stm32h7xx_hal_uart_ex.c.obj
 .rodata.numerator.1
                0x08007fd0        0x8 CMakeFiles/H7B_Example.elf.dir/Drivers/STM32H7xx_HAL_Driver/Src/stm32h7xx_hal_uart_ex.c.obj
 .rodata.shellDelete.str1.4
                0x08007fd8        0x4 CMakeFiles/H7B_Example.elf.dir/Users/LetterShell/shell.c.obj
 .rodata.shellDisplayItem.str1.4
                0x08007fdc        0xb CMakeFiles/H7B_Example.elf.dir/Users/LetterShell/shell.c.obj
 *fill*         0x08007fe7        0x1 
 .rodata.shellInit.str1.4
                0x08007fe8      0x165 CMakeFiles/H7B_Example.elf.dir/Users/LetterShell/shell.c.obj
 *fill*         0x0800814d        0x3 
 .rodata.shellNormal.str1.4
                0x08008150       0x20 CMakeFiles/H7B_Example.elf.dir/Users/LetterShell/shell.c.obj
 .rodata.shellHelp.str1.4
                0x08008170       0x3c CMakeFiles/H7B_Example.elf.dir/Users/LetterShell/shell.c.obj
 .rodata.shellEnter.str1.4
                0x080081ac        0x5 CMakeFiles/H7B_Example.elf.dir/Users/LetterShell/shell.c.obj
 *fill*         0x080081b1        0x3 
 .rodata.shellClear.str1.4
                0x080081b4        0x9 CMakeFiles/H7B_Example.elf.dir/Users/LetterShell/shell.c.obj
 *fill*         0x080081bd        0x3 
 .rodata.shellCmdcls
                0x080081c0        0x4 CMakeFiles/H7B_Example.elf.dir/Users/LetterShell/shell.c.obj
                0x080081c0                shellCmdcls
 .rodata.shellCmdhelp
                0x080081c4        0x5 CMakeFiles/H7B_Example.elf.dir/Users/LetterShell/shell.c.obj
                0x080081c4                shellCmdhelp
 *fill*         0x080081c9        0x3 
 .rodata.shellDefaultKeyFunctionList
                0x080081cc       0x30 CMakeFiles/H7B_Example.elf.dir/Users/LetterShell/shell.c.obj
                0x080081cc                shellDefaultKeyFunctionList
 .rodata.shellDesccls
                0x080081fc       0x13 CMakeFiles/H7B_Example.elf.dir/Users/LetterShell/shell.c.obj
                0x080081fc                shellDesccls
 *fill*         0x0800820f        0x1 
 .rodata.shellDeschelp
                0x08008210        0xd CMakeFiles/H7B_Example.elf.dir/Users/LetterShell/shell.c.obj
                0x08008210                shellDeschelp
 *fill*         0x0800821d        0x3 
 .rodata.shellHelphelp
                0x08008220       0x29 CMakeFiles/H7B_Example.elf.dir/Users/LetterShell/shell.c.obj
                0x08008220                shellHelphelp
 *fill*         0x08008249        0x3 
 .rodata._global_impure_ptr
                0x0800824c        0x4 s:/gcc-arm-none-eabi/gcc-arm-none-eabi-10.3-2021.10/bin/../lib/gcc/arm-none-eabi/10.3.1/../../../../arm-none-eabi/lib/thumb/v7e-m/nofp\libg.a(lib_a-impure.o)
                0x0800824c                _global_impure_ptr
                0x08008250                . = ALIGN (0x4)
                0x08008250                _shell_command_start = .
 *(shellCommand)
 shellCommand   0x08008250       0x20 CMakeFiles/H7B_Example.elf.dir/Users/LetterShell/shell.c.obj
                0x08008250                shellCommandcls
                0x08008260                shellCommandhelp
                0x08008270                _shell_command_end = .

.ARM.extab      0x08008270       0x18
 *(.ARM.extab* .gnu.linkonce.armextab.*)
 .ARM.extab     0x08008270       0x18 s:/gcc-arm-none-eabi/gcc-arm-none-eabi-10.3-2021.10/bin/../lib/gcc/arm-none-eabi/10.3.1/thumb/v7e-m/nofp\libgcc.a(pr-support.o)

.ARM            0x08008288       0xc8
                0x08008288                __exidx_start = .
 *(.ARM.exidx*)
 .ARM.exidx.text.SelfMain
                0x08008340        0x8 CMakeFiles/H7B_Example.elf.dir/Users/selfmain.cpp.obj
 .ARM.exidx.text.HAL_UART_RxCpltCallback
                0x08008348        0x8 CMakeFiles/H7B_Example.elf.dir/Users/selfmain.cpp.obj
 .ARM.exidx     0x08008288        0x8 s:/gcc-arm-none-eabi/gcc-arm-none-eabi-10.3-2021.10/bin/../lib/gcc/arm-none-eabi/10.3.1/thumb/v7e-m/nofp\libgcc.a(_udivmoddi4.o)
 .ARM.exidx     0x08008290       0x78 s:/gcc-arm-none-eabi/gcc-arm-none-eabi-10.3-2021.10/bin/../lib/gcc/arm-none-eabi/10.3.1/thumb/v7e-m/nofp\libgcc.a(unwind-arm.o)
                                 0xd8 (size before relaxing)
 .ARM.exidx     0x08008308       0x38 s:/gcc-arm-none-eabi/gcc-arm-none-eabi-10.3-2021.10/bin/../lib/gcc/arm-none-eabi/10.3.1/thumb/v7e-m/nofp\libgcc.a(pr-support.o)
                0x08008350                __exidx_end = .

.rel.dyn        0x08008350        0x0
 .rel.iplt      0x08008350        0x0 s:/gcc-arm-none-eabi/gcc-arm-none-eabi-10.3-2021.10/bin/../lib/gcc/arm-none-eabi/10.3.1/thumb/v7e-m/nofp/crtbegin.o

.preinit_array  0x08008350        0x0
                0x08008350                PROVIDE (__preinit_array_start = .)
 *(.preinit_array*)
                0x08008350                PROVIDE (__preinit_array_end = .)

.init_array     0x08008350        0x8
                0x08008350                PROVIDE (__init_array_start = .)
 *(SORT_BY_NAME(.init_array.*))
 .init_array.00000
                0x08008350        0x4 s:/gcc-arm-none-eabi/gcc-arm-none-eabi-10.3-2021.10/bin/../lib/gcc/arm-none-eabi/10.3.1/../../../../arm-none-eabi/lib/thumb/v7e-m/nofp\libg.a(lib_a-__call_atexit.o)
 *(.init_array*)
 .init_array    0x08008354        0x4 s:/gcc-arm-none-eabi/gcc-arm-none-eabi-10.3-2021.10/bin/../lib/gcc/arm-none-eabi/10.3.1/thumb/v7e-m/nofp/crtbegin.o
                0x08008358                PROVIDE (__init_array_end = .)

.fini_array     0x08008358        0x4
                0x08008358                PROVIDE (__fini_array_start = .)
 *(SORT_BY_NAME(.fini_array.*))
 *(.fini_array*)
 .fini_array    0x08008358        0x4 s:/gcc-arm-none-eabi/gcc-arm-none-eabi-10.3-2021.10/bin/../lib/gcc/arm-none-eabi/10.3.1/thumb/v7e-m/nofp/crtbegin.o
                0x0800835c                PROVIDE (__fini_array_end = .)
                0x0800835c                _sidata = LOADADDR (.data)

.data           0x24000000      0x854 load address 0x0800835c
                0x24000000                . = ALIGN (0x4)
                0x24000000                _sdata = .
 *(.data)
 *(.data*)
 .data.SystemCoreClock
                0x24000000        0x4 CMakeFiles/H7B_Example.elf.dir/Core/Src/system_stm32h7xx.c.obj
                0x24000000                SystemCoreClock
 .data.SystemD2Clock
                0x24000004        0x4 CMakeFiles/H7B_Example.elf.dir/Core/Src/system_stm32h7xx.c.obj
                0x24000004                SystemD2Clock
 .data.uwTickFreq
                0x24000008        0x1 CMakeFiles/H7B_Example.elf.dir/Drivers/STM32H7xx_HAL_Driver/Src/stm32h7xx_hal.c.obj
                0x24000008                uwTickFreq
 *fill*         0x24000009        0x3 
 .data.uwTickPrio
                0x2400000c        0x4 CMakeFiles/H7B_Example.elf.dir/Drivers/STM32H7xx_HAL_Driver/Src/stm32h7xx_hal.c.obj
                0x2400000c                uwTickPrio
 .data._impure_ptr
                0x24000010        0x4 s:/gcc-arm-none-eabi/gcc-arm-none-eabi-10.3-2021.10/bin/../lib/gcc/arm-none-eabi/10.3.1/../../../../arm-none-eabi/lib/thumb/v7e-m/nofp\libg.a(lib_a-impure.o)
                0x24000010                _impure_ptr
 *fill*         0x24000014        0x4 
 .data.impure_data
                0x24000018      0x428 s:/gcc-arm-none-eabi/gcc-arm-none-eabi-10.3-2021.10/bin/../lib/gcc/arm-none-eabi/10.3.1/../../../../arm-none-eabi/lib/thumb/v7e-m/nofp\libg.a(lib_a-impure.o)
 .data.__atexit_recursive_mutex
                0x24000440        0x4 s:/gcc-arm-none-eabi/gcc-arm-none-eabi-10.3-2021.10/bin/../lib/gcc/arm-none-eabi/10.3.1/../../../../arm-none-eabi/lib/thumb/v7e-m/nofp\libg.a(lib_a-__call_atexit.o)
                0x24000440                __atexit_recursive_mutex
 .data.__malloc_av_
                0x24000444      0x408 s:/gcc-arm-none-eabi/gcc-arm-none-eabi-10.3-2021.10/bin/../lib/gcc/arm-none-eabi/10.3.1/../../../../arm-none-eabi/lib/thumb/v7e-m/nofp\libg.a(lib_a-mallocr.o)
                0x24000444                __malloc_av_
 .data.__malloc_sbrk_base
                0x2400084c        0x4 s:/gcc-arm-none-eabi/gcc-arm-none-eabi-10.3-2021.10/bin/../lib/gcc/arm-none-eabi/10.3.1/../../../../arm-none-eabi/lib/thumb/v7e-m/nofp\libg.a(lib_a-mallocr.o)
                0x2400084c                __malloc_sbrk_base
 .data.__malloc_trim_threshold
                0x24000850        0x4 s:/gcc-arm-none-eabi/gcc-arm-none-eabi-10.3-2021.10/bin/../lib/gcc/arm-none-eabi/10.3.1/../../../../arm-none-eabi/lib/thumb/v7e-m/nofp\libg.a(lib_a-mallocr.o)
                0x24000850                __malloc_trim_threshold
 *(.RamFunc)
 *(.RamFunc*)
                0x24000854                . = ALIGN (0x4)
                0x24000854                _edata = .

.igot.plt       0x24000854        0x0 load address 0x08008bb0
 .igot.plt      0x24000854        0x0 s:/gcc-arm-none-eabi/gcc-arm-none-eabi-10.3-2021.10/bin/../lib/gcc/arm-none-eabi/10.3.1/thumb/v7e-m/nofp/crtbegin.o
                0x24000854                . = ALIGN (0x4)

.bss            0x24000854      0x294 load address 0x08008bb0
                0x24000854                _sbss = .
                0x24000854                __bss_start__ = _sbss
 *(.bss)
 .bss           0x24000854       0x1c s:/gcc-arm-none-eabi/gcc-arm-none-eabi-10.3-2021.10/bin/../lib/gcc/arm-none-eabi/10.3.1/thumb/v7e-m/nofp/crtbegin.o
 *(.bss*)
 .bss.__sbrk_heap_end
                0x24000870        0x4 CMakeFiles/H7B_Example.elf.dir/Core/Src/sysmem.c.obj
 .bss.huart1    0x24000874       0x94 CMakeFiles/H7B_Example.elf.dir/Core/Src/usart.c.obj
                0x24000874                huart1
 .bss.uwTick    0x24000908        0x4 CMakeFiles/H7B_Example.elf.dir/Drivers/STM32H7xx_HAL_Driver/Src/stm32h7xx_hal.c.obj
                0x24000908                uwTick
 .bss.shell     0x2400090c      0x178 CMakeFiles/H7B_Example.elf.dir/Users/LetterShell/shell.c.obj
                0x2400090c                shell
 .bss.shellList
                0x24000a84       0x14 CMakeFiles/H7B_Example.elf.dir/Users/LetterShell/shell.c.obj
 .bss.shellRxBuffer
                0x24000a98        0x1 CMakeFiles/H7B_Example.elf.dir/Users/LetterShell/shell.c.obj
                0x24000a98                shellRxBuffer
 *fill*         0x24000a99        0x3 
 .bss.gHuart    0x24000a9c        0x4 CMakeFiles/H7B_Example.elf.dir/Users/Retarget/Retarget.c.obj
                0x24000a9c                gHuart
 .bss.__lock___atexit_recursive_mutex
                0x24000aa0        0x1 s:/gcc-arm-none-eabi/gcc-arm-none-eabi-10.3-2021.10/bin/../lib/gcc/arm-none-eabi/10.3.1/../../../../arm-none-eabi/lib/thumb/v7e-m/nofp\libg.a(lib_a-lock.o)
                0x24000aa0                __lock___atexit_recursive_mutex
 *fill*         0x24000aa1        0x3 
 .bss.__lock___malloc_recursive_mutex
                0x24000aa4        0x1 s:/gcc-arm-none-eabi/gcc-arm-none-eabi-10.3-2021.10/bin/../lib/gcc/arm-none-eabi/10.3.1/../../../../arm-none-eabi/lib/thumb/v7e-m/nofp\libg.a(lib_a-lock.o)
                0x24000aa4                __lock___malloc_recursive_mutex
 *fill*         0x24000aa5        0x3 
 .bss.__lock___sfp_recursive_mutex
                0x24000aa8        0x1 s:/gcc-arm-none-eabi/gcc-arm-none-eabi-10.3-2021.10/bin/../lib/gcc/arm-none-eabi/10.3.1/../../../../arm-none-eabi/lib/thumb/v7e-m/nofp\libg.a(lib_a-lock.o)
                0x24000aa8                __lock___sfp_recursive_mutex
 *fill*         0x24000aa9        0x3 
 .bss.__lock___sinit_recursive_mutex
                0x24000aac        0x1 s:/gcc-arm-none-eabi/gcc-arm-none-eabi-10.3-2021.10/bin/../lib/gcc/arm-none-eabi/10.3.1/../../../../arm-none-eabi/lib/thumb/v7e-m/nofp\libg.a(lib_a-lock.o)
                0x24000aac                __lock___sinit_recursive_mutex
 *fill*         0x24000aad        0x3 
 .bss.__malloc_current_mallinfo
                0x24000ab0       0x28 s:/gcc-arm-none-eabi/gcc-arm-none-eabi-10.3-2021.10/bin/../lib/gcc/arm-none-eabi/10.3.1/../../../../arm-none-eabi/lib/thumb/v7e-m/nofp\libg.a(lib_a-mallocr.o)
                0x24000ab0                __malloc_current_mallinfo
 .bss.__malloc_max_sbrked_mem
                0x24000ad8        0x4 s:/gcc-arm-none-eabi/gcc-arm-none-eabi-10.3-2021.10/bin/../lib/gcc/arm-none-eabi/10.3.1/../../../../arm-none-eabi/lib/thumb/v7e-m/nofp\libg.a(lib_a-mallocr.o)
                0x24000ad8                __malloc_max_sbrked_mem
 .bss.__malloc_max_total_mem
                0x24000adc        0x4 s:/gcc-arm-none-eabi/gcc-arm-none-eabi-10.3-2021.10/bin/../lib/gcc/arm-none-eabi/10.3.1/../../../../arm-none-eabi/lib/thumb/v7e-m/nofp\libg.a(lib_a-mallocr.o)
                0x24000adc                __malloc_max_total_mem
 .bss.__malloc_top_pad
                0x24000ae0        0x4 s:/gcc-arm-none-eabi/gcc-arm-none-eabi-10.3-2021.10/bin/../lib/gcc/arm-none-eabi/10.3.1/../../../../arm-none-eabi/lib/thumb/v7e-m/nofp\libg.a(lib_a-mallocr.o)
                0x24000ae0                __malloc_top_pad
 .bss.errno     0x24000ae4        0x4 s:/gcc-arm-none-eabi/gcc-arm-none-eabi-10.3-2021.10/bin/../lib/gcc/arm-none-eabi/10.3.1/../../../../arm-none-eabi/lib/thumb/v7e-m/nofp\libg.a(lib_a-reent.o)
                0x24000ae4                errno
 *(COMMON)
                0x24000ae8                . = ALIGN (0x4)
                0x24000ae8                _ebss = .
                0x24000ae8                __bss_end__ = _ebss

._user_heap_stack
                0x24000ae8      0x600 load address 0x08008bb0
                0x24000ae8                . = ALIGN (0x8)
                [!provide]                PROVIDE (end = .)
                0x24000ae8                PROVIDE (_end = .)
                0x24000ce8                . = (. + _Min_Heap_Size)
 *fill*         0x24000ae8      0x200 
                0x240010e8                . = (. + _Min_Stack_Size)
 *fill*         0x24000ce8      0x400 
                0x240010e8                . = ALIGN (0x8)

/DISCARD/
 libc.a(*)
 libm.a(*)
 libgcc.a(*)

.ARM.attributes
                0x00000000       0x2a
 *(.ARM.attributes)
 .ARM.attributes
                0x00000000       0x1e s:/gcc-arm-none-eabi/gcc-arm-none-eabi-10.3-2021.10/bin/../lib/gcc/arm-none-eabi/10.3.1/thumb/v7e-m/nofp/crti.o
 .ARM.attributes
                0x0000001e       0x2e s:/gcc-arm-none-eabi/gcc-arm-none-eabi-10.3-2021.10/bin/../lib/gcc/arm-none-eabi/10.3.1/thumb/v7e-m/nofp/crtbegin.o
 .ARM.attributes
                0x0000004c       0x2e CMakeFiles/H7B_Example.elf.dir/Core/Src/gpio.c.obj
 .ARM.attributes
                0x0000007a       0x2e CMakeFiles/H7B_Example.elf.dir/Core/Src/main.c.obj
 .ARM.attributes
                0x000000a8       0x2e CMakeFiles/H7B_Example.elf.dir/Core/Src/stm32h7xx_hal_msp.c.obj
 .ARM.attributes
                0x000000d6       0x2e CMakeFiles/H7B_Example.elf.dir/Core/Src/stm32h7xx_it.c.obj
 .ARM.attributes
                0x00000104       0x2e CMakeFiles/H7B_Example.elf.dir/Core/Src/sysmem.c.obj
 .ARM.attributes
                0x00000132       0x2e CMakeFiles/H7B_Example.elf.dir/Core/Src/system_stm32h7xx.c.obj
 .ARM.attributes
                0x00000160       0x2e CMakeFiles/H7B_Example.elf.dir/Core/Src/usart.c.obj
 .ARM.attributes
                0x0000018e       0x21 CMakeFiles/H7B_Example.elf.dir/Core/Startup/startup_stm32h7b0vbtx.s.obj
 .ARM.attributes
                0x000001af       0x2e CMakeFiles/H7B_Example.elf.dir/Drivers/STM32H7xx_HAL_Driver/Src/stm32h7xx_hal.c.obj
 .ARM.attributes
                0x000001dd       0x2e CMakeFiles/H7B_Example.elf.dir/Drivers/STM32H7xx_HAL_Driver/Src/stm32h7xx_hal_cortex.c.obj
 .ARM.attributes
                0x0000020b       0x2e CMakeFiles/H7B_Example.elf.dir/Drivers/STM32H7xx_HAL_Driver/Src/stm32h7xx_hal_dma.c.obj
 .ARM.attributes
                0x00000239       0x2e CMakeFiles/H7B_Example.elf.dir/Drivers/STM32H7xx_HAL_Driver/Src/stm32h7xx_hal_gpio.c.obj
 .ARM.attributes
                0x00000267       0x2e CMakeFiles/H7B_Example.elf.dir/Drivers/STM32H7xx_HAL_Driver/Src/stm32h7xx_hal_pwr_ex.c.obj
 .ARM.attributes
                0x00000295       0x2e CMakeFiles/H7B_Example.elf.dir/Drivers/STM32H7xx_HAL_Driver/Src/stm32h7xx_hal_rcc.c.obj
 .ARM.attributes
                0x000002c3       0x2e CMakeFiles/H7B_Example.elf.dir/Drivers/STM32H7xx_HAL_Driver/Src/stm32h7xx_hal_rcc_ex.c.obj
 .ARM.attributes
                0x000002f1       0x2e CMakeFiles/H7B_Example.elf.dir/Drivers/STM32H7xx_HAL_Driver/Src/stm32h7xx_hal_uart.c.obj
 .ARM.attributes
                0x0000031f       0x2e CMakeFiles/H7B_Example.elf.dir/Drivers/STM32H7xx_HAL_Driver/Src/stm32h7xx_hal_uart_ex.c.obj
 .ARM.attributes
                0x0000034d       0x2e CMakeFiles/H7B_Example.elf.dir/Users/LetterShell/shell.c.obj
 .ARM.attributes
                0x0000037b       0x2e CMakeFiles/H7B_Example.elf.dir/Users/LetterShell/shell_ext.c.obj
 .ARM.attributes
                0x000003a9       0x2e CMakeFiles/H7B_Example.elf.dir/Users/Retarget/Retarget.c.obj
 .ARM.attributes
                0x000003d7       0x2e CMakeFiles/H7B_Example.elf.dir/Users/selfmain.cpp.obj
 .ARM.attributes
                0x00000405       0x1e s:/gcc-arm-none-eabi/gcc-arm-none-eabi-10.3-2021.10/bin/../lib/gcc/arm-none-eabi/10.3.1/thumb/v7e-m/nofp\libgcc.a(_arm_addsubsf3.o)
 .ARM.attributes
                0x00000423       0x1e s:/gcc-arm-none-eabi/gcc-arm-none-eabi-10.3-2021.10/bin/../lib/gcc/arm-none-eabi/10.3.1/thumb/v7e-m/nofp\libgcc.a(_arm_muldivsf3.o)
 .ARM.attributes
                0x00000441       0x1e s:/gcc-arm-none-eabi/gcc-arm-none-eabi-10.3-2021.10/bin/../lib/gcc/arm-none-eabi/10.3.1/thumb/v7e-m/nofp\libgcc.a(_arm_fixunssfsi.o)
 .ARM.attributes
                0x0000045f       0x1e s:/gcc-arm-none-eabi/gcc-arm-none-eabi-10.3-2021.10/bin/../lib/gcc/arm-none-eabi/10.3.1/thumb/v7e-m/nofp\libgcc.a(_aeabi_uldivmod.o)
 .ARM.attributes
                0x0000047d       0x2e s:/gcc-arm-none-eabi/gcc-arm-none-eabi-10.3-2021.10/bin/../lib/gcc/arm-none-eabi/10.3.1/thumb/v7e-m/nofp\libgcc.a(_udivmoddi4.o)
 .ARM.attributes
                0x000004ab       0x2e s:/gcc-arm-none-eabi/gcc-arm-none-eabi-10.3-2021.10/bin/../lib/gcc/arm-none-eabi/10.3.1/thumb/v7e-m/nofp\libgcc.a(unwind-arm.o)
 .ARM.attributes
                0x000004d9       0x1e s:/gcc-arm-none-eabi/gcc-arm-none-eabi-10.3-2021.10/bin/../lib/gcc/arm-none-eabi/10.3.1/thumb/v7e-m/nofp\libgcc.a(libunwind.o)
 .ARM.attributes
                0x000004f7       0x2e s:/gcc-arm-none-eabi/gcc-arm-none-eabi-10.3-2021.10/bin/../lib/gcc/arm-none-eabi/10.3.1/thumb/v7e-m/nofp\libgcc.a(pr-support.o)
 .ARM.attributes
                0x00000525       0x1e s:/gcc-arm-none-eabi/gcc-arm-none-eabi-10.3-2021.10/bin/../lib/gcc/arm-none-eabi/10.3.1/thumb/v7e-m/nofp\libgcc.a(_dvmd_tls.o)
 .ARM.attributes
                0x00000543       0x2e s:/gcc-arm-none-eabi/gcc-arm-none-eabi-10.3-2021.10/bin/../lib/gcc/arm-none-eabi/10.3.1/../../../../arm-none-eabi/lib/thumb/v7e-m/nofp\libg.a(lib_a-abort.o)
 .ARM.attributes
                0x00000571       0x2e s:/gcc-arm-none-eabi/gcc-arm-none-eabi-10.3-2021.10/bin/../lib/gcc/arm-none-eabi/10.3.1/../../../../arm-none-eabi/lib/thumb/v7e-m/nofp\libg.a(lib_a-errno.o)
 .ARM.attributes
                0x0000059f       0x2e s:/gcc-arm-none-eabi/gcc-arm-none-eabi-10.3-2021.10/bin/../lib/gcc/arm-none-eabi/10.3.1/../../../../arm-none-eabi/lib/thumb/v7e-m/nofp\libg.a(lib_a-impure.o)
 .ARM.attributes
                0x000005cd       0x2e s:/gcc-arm-none-eabi/gcc-arm-none-eabi-10.3-2021.10/bin/../lib/gcc/arm-none-eabi/10.3.1/../../../../arm-none-eabi/lib/thumb/v7e-m/nofp\libg.a(lib_a-init.o)
 .ARM.attributes
                0x000005fb       0x1c s:/gcc-arm-none-eabi/gcc-arm-none-eabi-10.3-2021.10/bin/../lib/gcc/arm-none-eabi/10.3.1/../../../../arm-none-eabi/lib/thumb/v7e-m/nofp\libg.a(lib_a-memcpy.o)
 .ARM.attributes
                0x00000617       0x2e s:/gcc-arm-none-eabi/gcc-arm-none-eabi-10.3-2021.10/bin/../lib/gcc/arm-none-eabi/10.3.1/../../../../arm-none-eabi/lib/thumb/v7e-m/nofp\libg.a(lib_a-memset.o)
 .ARM.attributes
                0x00000645       0x2e s:/gcc-arm-none-eabi/gcc-arm-none-eabi-10.3-2021.10/bin/../lib/gcc/arm-none-eabi/10.3.1/../../../../arm-none-eabi/lib/thumb/v7e-m/nofp\libg.a(lib_a-setvbuf.o)
 .ARM.attributes
                0x00000673       0x2e s:/gcc-arm-none-eabi/gcc-arm-none-eabi-10.3-2021.10/bin/../lib/gcc/arm-none-eabi/10.3.1/../../../../arm-none-eabi/lib/thumb/v7e-m/nofp\libg.a(lib_a-signal.o)
 .ARM.attributes
                0x000006a1       0x2e s:/gcc-arm-none-eabi/gcc-arm-none-eabi-10.3-2021.10/bin/../lib/gcc/arm-none-eabi/10.3.1/../../../../arm-none-eabi/lib/thumb/v7e-m/nofp\libg.a(lib_a-signalr.o)
 .ARM.attributes
                0x000006cf       0x1c s:/gcc-arm-none-eabi/gcc-arm-none-eabi-10.3-2021.10/bin/../lib/gcc/arm-none-eabi/10.3.1/../../../../arm-none-eabi/lib/thumb/v7e-m/nofp\libg.a(lib_a-strcmp.o)
 .ARM.attributes
                0x000006eb       0x2e s:/gcc-arm-none-eabi/gcc-arm-none-eabi-10.3-2021.10/bin/../lib/gcc/arm-none-eabi/10.3.1/../../../../arm-none-eabi/lib/thumb/v7e-m/nofp\libg.a(lib_a-__call_atexit.o)
 .ARM.attributes
                0x00000719       0x2e s:/gcc-arm-none-eabi/gcc-arm-none-eabi-10.3-2021.10/bin/../lib/gcc/arm-none-eabi/10.3.1/../../../../arm-none-eabi/lib/thumb/v7e-m/nofp\libg.a(lib_a-atexit.o)
 .ARM.attributes
                0x00000747       0x2e s:/gcc-arm-none-eabi/gcc-arm-none-eabi-10.3-2021.10/bin/../lib/gcc/arm-none-eabi/10.3.1/../../../../arm-none-eabi/lib/thumb/v7e-m/nofp\libg.a(lib_a-fflush.o)
 .ARM.attributes
                0x00000775       0x2e s:/gcc-arm-none-eabi/gcc-arm-none-eabi-10.3-2021.10/bin/../lib/gcc/arm-none-eabi/10.3.1/../../../../arm-none-eabi/lib/thumb/v7e-m/nofp\libg.a(lib_a-findfp.o)
 .ARM.attributes
                0x000007a3       0x2e s:/gcc-arm-none-eabi/gcc-arm-none-eabi-10.3-2021.10/bin/../lib/gcc/arm-none-eabi/10.3.1/../../../../arm-none-eabi/lib/thumb/v7e-m/nofp\libg.a(lib_a-fini.o)
 .ARM.attributes
                0x000007d1       0x2e s:/gcc-arm-none-eabi/gcc-arm-none-eabi-10.3-2021.10/bin/../lib/gcc/arm-none-eabi/10.3.1/../../../../arm-none-eabi/lib/thumb/v7e-m/nofp\libg.a(lib_a-freer.o)
 .ARM.attributes
                0x000007ff       0x2e s:/gcc-arm-none-eabi/gcc-arm-none-eabi-10.3-2021.10/bin/../lib/gcc/arm-none-eabi/10.3.1/../../../../arm-none-eabi/lib/thumb/v7e-m/nofp\libg.a(lib_a-fwalk.o)
 .ARM.attributes
                0x0000082d       0x2e s:/gcc-arm-none-eabi/gcc-arm-none-eabi-10.3-2021.10/bin/../lib/gcc/arm-none-eabi/10.3.1/../../../../arm-none-eabi/lib/thumb/v7e-m/nofp\libg.a(lib_a-lock.o)
 .ARM.attributes
                0x0000085b       0x2e s:/gcc-arm-none-eabi/gcc-arm-none-eabi-10.3-2021.10/bin/../lib/gcc/arm-none-eabi/10.3.1/../../../../arm-none-eabi/lib/thumb/v7e-m/nofp\libg.a(lib_a-makebuf.o)
 .ARM.attributes
                0x00000889       0x2e s:/gcc-arm-none-eabi/gcc-arm-none-eabi-10.3-2021.10/bin/../lib/gcc/arm-none-eabi/10.3.1/../../../../arm-none-eabi/lib/thumb/v7e-m/nofp\libg.a(lib_a-malloc.o)
 .ARM.attributes
                0x000008b7       0x2e s:/gcc-arm-none-eabi/gcc-arm-none-eabi-10.3-2021.10/bin/../lib/gcc/arm-none-eabi/10.3.1/../../../../arm-none-eabi/lib/thumb/v7e-m/nofp\libg.a(lib_a-mallocr.o)
 .ARM.attributes
                0x000008e5       0x2e s:/gcc-arm-none-eabi/gcc-arm-none-eabi-10.3-2021.10/bin/../lib/gcc/arm-none-eabi/10.3.1/../../../../arm-none-eabi/lib/thumb/v7e-m/nofp\libg.a(lib_a-mlock.o)
 .ARM.attributes
                0x00000913       0x2e s:/gcc-arm-none-eabi/gcc-arm-none-eabi-10.3-2021.10/bin/../lib/gcc/arm-none-eabi/10.3.1/../../../../arm-none-eabi/lib/thumb/v7e-m/nofp\libg.a(lib_a-reent.o)
 .ARM.attributes
                0x00000941       0x2e s:/gcc-arm-none-eabi/gcc-arm-none-eabi-10.3-2021.10/bin/../lib/gcc/arm-none-eabi/10.3.1/../../../../arm-none-eabi/lib/thumb/v7e-m/nofp\libg.a(lib_a-sbrkr.o)
 .ARM.attributes
                0x0000096f       0x2e s:/gcc-arm-none-eabi/gcc-arm-none-eabi-10.3-2021.10/bin/../lib/gcc/arm-none-eabi/10.3.1/../../../../arm-none-eabi/lib/thumb/v7e-m/nofp\libg.a(lib_a-stdio.o)
 .ARM.attributes
                0x0000099d       0x2e s:/gcc-arm-none-eabi/gcc-arm-none-eabi-10.3-2021.10/bin/../lib/gcc/arm-none-eabi/10.3.1/../../../../arm-none-eabi/lib/thumb/v7e-m/nofp\libg.a(lib_a-writer.o)
 .ARM.attributes
                0x000009cb       0x2e s:/gcc-arm-none-eabi/gcc-arm-none-eabi-10.3-2021.10/bin/../lib/gcc/arm-none-eabi/10.3.1/../../../../arm-none-eabi/lib/thumb/v7e-m/nofp\libg.a(lib_a-__atexit.o)
 .ARM.attributes
                0x000009f9       0x2e s:/gcc-arm-none-eabi/gcc-arm-none-eabi-10.3-2021.10/bin/../lib/gcc/arm-none-eabi/10.3.1/../../../../arm-none-eabi/lib/thumb/v7e-m/nofp\libg.a(lib_a-closer.o)
 .ARM.attributes
                0x00000a27       0x2e s:/gcc-arm-none-eabi/gcc-arm-none-eabi-10.3-2021.10/bin/../lib/gcc/arm-none-eabi/10.3.1/../../../../arm-none-eabi/lib/thumb/v7e-m/nofp\libg.a(lib_a-fclose.o)
 .ARM.attributes
                0x00000a55       0x2e s:/gcc-arm-none-eabi/gcc-arm-none-eabi-10.3-2021.10/bin/../lib/gcc/arm-none-eabi/10.3.1/../../../../arm-none-eabi/lib/thumb/v7e-m/nofp\libg.a(lib_a-fstatr.o)
 .ARM.attributes
                0x00000a83       0x2e s:/gcc-arm-none-eabi/gcc-arm-none-eabi-10.3-2021.10/bin/../lib/gcc/arm-none-eabi/10.3.1/../../../../arm-none-eabi/lib/thumb/v7e-m/nofp\libg.a(lib_a-lseekr.o)
 .ARM.attributes
                0x00000ab1       0x2e s:/gcc-arm-none-eabi/gcc-arm-none-eabi-10.3-2021.10/bin/../lib/gcc/arm-none-eabi/10.3.1/../../../../arm-none-eabi/lib/thumb/v7e-m/nofp\libg.a(lib_a-readr.o)
 .ARM.attributes
                0x00000adf       0x1e s:/gcc-arm-none-eabi/gcc-arm-none-eabi-10.3-2021.10/bin/../lib/gcc/arm-none-eabi/10.3.1/thumb/v7e-m/nofp/crtn.o
OUTPUT(H7B_Example.elf elf32-littlearm)
LOAD linker stubs
LOAD s:/gcc-arm-none-eabi/gcc-arm-none-eabi-10.3-2021.10/bin/../lib/gcc/arm-none-eabi/10.3.1/../../../../arm-none-eabi/lib/thumb/v7e-m/nofp\libc.a
LOAD s:/gcc-arm-none-eabi/gcc-arm-none-eabi-10.3-2021.10/bin/../lib/gcc/arm-none-eabi/10.3.1/../../../../arm-none-eabi/lib/thumb/v7e-m/nofp\libm.a
LOAD s:/gcc-arm-none-eabi/gcc-arm-none-eabi-10.3-2021.10/bin/../lib/gcc/arm-none-eabi/10.3.1/thumb/v7e-m/nofp\libgcc.a

.debug_info     0x00000000    0x19ab0
 .debug_info    0x00000000      0x69c CMakeFiles/H7B_Example.elf.dir/Core/Src/gpio.c.obj
 .debug_info    0x0000069c      0x8ec CMakeFiles/H7B_Example.elf.dir/Core/Src/main.c.obj
 .debug_info    0x00000f88      0x4ec CMakeFiles/H7B_Example.elf.dir/Core/Src/stm32h7xx_hal_msp.c.obj
 .debug_info    0x00001474      0x881 CMakeFiles/H7B_Example.elf.dir/Core/Src/stm32h7xx_it.c.obj
 .debug_info    0x00001cf5      0x174 CMakeFiles/H7B_Example.elf.dir/Core/Src/sysmem.c.obj
 .debug_info    0x00001e69      0xa78 CMakeFiles/H7B_Example.elf.dir/Core/Src/system_stm32h7xx.c.obj
 .debug_info    0x000028e1     0x15b8 CMakeFiles/H7B_Example.elf.dir/Core/Src/usart.c.obj
 .debug_info    0x00003e99       0x22 CMakeFiles/H7B_Example.elf.dir/Core/Startup/startup_stm32h7b0vbtx.s.obj
 .debug_info    0x00003ebb     0x154c CMakeFiles/H7B_Example.elf.dir/Drivers/STM32H7xx_HAL_Driver/Src/stm32h7xx_hal.c.obj
 .debug_info    0x00005407     0x13de CMakeFiles/H7B_Example.elf.dir/Drivers/STM32H7xx_HAL_Driver/Src/stm32h7xx_hal_cortex.c.obj
 .debug_info    0x000067e5      0xf1c CMakeFiles/H7B_Example.elf.dir/Drivers/STM32H7xx_HAL_Driver/Src/stm32h7xx_hal_dma.c.obj
 .debug_info    0x00007701      0xc25 CMakeFiles/H7B_Example.elf.dir/Drivers/STM32H7xx_HAL_Driver/Src/stm32h7xx_hal_gpio.c.obj
 .debug_info    0x00008326     0x1132 CMakeFiles/H7B_Example.elf.dir/Drivers/STM32H7xx_HAL_Driver/Src/stm32h7xx_hal_pwr_ex.c.obj
 .debug_info    0x00009458     0x13ce CMakeFiles/H7B_Example.elf.dir/Drivers/STM32H7xx_HAL_Driver/Src/stm32h7xx_hal_rcc.c.obj
 .debug_info    0x0000a826     0x1fb7 CMakeFiles/H7B_Example.elf.dir/Drivers/STM32H7xx_HAL_Driver/Src/stm32h7xx_hal_rcc_ex.c.obj
 .debug_info    0x0000c7dd     0x6776 CMakeFiles/H7B_Example.elf.dir/Drivers/STM32H7xx_HAL_Driver/Src/stm32h7xx_hal_uart.c.obj
 .debug_info    0x00012f53     0x124f CMakeFiles/H7B_Example.elf.dir/Drivers/STM32H7xx_HAL_Driver/Src/stm32h7xx_hal_uart_ex.c.obj
 .debug_info    0x000141a2     0x1c24 CMakeFiles/H7B_Example.elf.dir/Users/LetterShell/shell.c.obj
 .debug_info    0x00015dc6      0x594 CMakeFiles/H7B_Example.elf.dir/Users/LetterShell/shell_ext.c.obj
 .debug_info    0x0001635a     0x1503 CMakeFiles/H7B_Example.elf.dir/Users/Retarget/Retarget.c.obj
 .debug_info    0x0001785d     0x2253 CMakeFiles/H7B_Example.elf.dir/Users/selfmain.cpp.obj

.debug_abbrev   0x00000000     0x2e02
 .debug_abbrev  0x00000000      0x192 CMakeFiles/H7B_Example.elf.dir/Core/Src/gpio.c.obj
 .debug_abbrev  0x00000192      0x1e8 CMakeFiles/H7B_Example.elf.dir/Core/Src/main.c.obj
 .debug_abbrev  0x0000037a      0x116 CMakeFiles/H7B_Example.elf.dir/Core/Src/stm32h7xx_hal_msp.c.obj
 .debug_abbrev  0x00000490      0x15b CMakeFiles/H7B_Example.elf.dir/Core/Src/stm32h7xx_it.c.obj
 .debug_abbrev  0x000005eb       0xe7 CMakeFiles/H7B_Example.elf.dir/Core/Src/sysmem.c.obj
 .debug_abbrev  0x000006d2      0x162 CMakeFiles/H7B_Example.elf.dir/Core/Src/system_stm32h7xx.c.obj
 .debug_abbrev  0x00000834      0x225 CMakeFiles/H7B_Example.elf.dir/Core/Src/usart.c.obj
 .debug_abbrev  0x00000a59       0x12 CMakeFiles/H7B_Example.elf.dir/Core/Startup/startup_stm32h7b0vbtx.s.obj
 .debug_abbrev  0x00000a6b      0x264 CMakeFiles/H7B_Example.elf.dir/Drivers/STM32H7xx_HAL_Driver/Src/stm32h7xx_hal.c.obj
 .debug_abbrev  0x00000ccf      0x37d CMakeFiles/H7B_Example.elf.dir/Drivers/STM32H7xx_HAL_Driver/Src/stm32h7xx_hal_cortex.c.obj
 .debug_abbrev  0x0000104c      0x298 CMakeFiles/H7B_Example.elf.dir/Drivers/STM32H7xx_HAL_Driver/Src/stm32h7xx_hal_dma.c.obj
 .debug_abbrev  0x000012e4      0x239 CMakeFiles/H7B_Example.elf.dir/Drivers/STM32H7xx_HAL_Driver/Src/stm32h7xx_hal_gpio.c.obj
 .debug_abbrev  0x0000151d      0x28a CMakeFiles/H7B_Example.elf.dir/Drivers/STM32H7xx_HAL_Driver/Src/stm32h7xx_hal_pwr_ex.c.obj
 .debug_abbrev  0x000017a7      0x28c CMakeFiles/H7B_Example.elf.dir/Drivers/STM32H7xx_HAL_Driver/Src/stm32h7xx_hal_rcc.c.obj
 .debug_abbrev  0x00001a33      0x296 CMakeFiles/H7B_Example.elf.dir/Drivers/STM32H7xx_HAL_Driver/Src/stm32h7xx_hal_rcc_ex.c.obj
 .debug_abbrev  0x00001cc9      0x348 CMakeFiles/H7B_Example.elf.dir/Drivers/STM32H7xx_HAL_Driver/Src/stm32h7xx_hal_uart.c.obj
 .debug_abbrev  0x00002011      0x2e7 CMakeFiles/H7B_Example.elf.dir/Drivers/STM32H7xx_HAL_Driver/Src/stm32h7xx_hal_uart_ex.c.obj
 .debug_abbrev  0x000022f8      0x3fb CMakeFiles/H7B_Example.elf.dir/Users/LetterShell/shell.c.obj
 .debug_abbrev  0x000026f3      0x164 CMakeFiles/H7B_Example.elf.dir/Users/LetterShell/shell_ext.c.obj
 .debug_abbrev  0x00002857      0x2b4 CMakeFiles/H7B_Example.elf.dir/Users/Retarget/Retarget.c.obj
 .debug_abbrev  0x00002b0b      0x2f7 CMakeFiles/H7B_Example.elf.dir/Users/selfmain.cpp.obj

.debug_aranges  0x00000000      0xc50
 .debug_aranges
                0x00000000       0x20 CMakeFiles/H7B_Example.elf.dir/Core/Src/gpio.c.obj
 .debug_aranges
                0x00000020       0x30 CMakeFiles/H7B_Example.elf.dir/Core/Src/main.c.obj
 .debug_aranges
                0x00000050       0x20 CMakeFiles/H7B_Example.elf.dir/Core/Src/stm32h7xx_hal_msp.c.obj
 .debug_aranges
                0x00000070       0x68 CMakeFiles/H7B_Example.elf.dir/Core/Src/stm32h7xx_it.c.obj
 .debug_aranges
                0x000000d8       0x20 CMakeFiles/H7B_Example.elf.dir/Core/Src/sysmem.c.obj
 .debug_aranges
                0x000000f8       0x28 CMakeFiles/H7B_Example.elf.dir/Core/Src/system_stm32h7xx.c.obj
 .debug_aranges
                0x00000120       0x30 CMakeFiles/H7B_Example.elf.dir/Core/Src/usart.c.obj
 .debug_aranges
                0x00000150       0x28 CMakeFiles/H7B_Example.elf.dir/Core/Startup/startup_stm32h7b0vbtx.s.obj
 .debug_aranges
                0x00000178      0x1a0 CMakeFiles/H7B_Example.elf.dir/Drivers/STM32H7xx_HAL_Driver/Src/stm32h7xx_hal.c.obj
 .debug_aranges
                0x00000318       0xb0 CMakeFiles/H7B_Example.elf.dir/Drivers/STM32H7xx_HAL_Driver/Src/stm32h7xx_hal_cortex.c.obj
 .debug_aranges
                0x000003c8       0xa0 CMakeFiles/H7B_Example.elf.dir/Drivers/STM32H7xx_HAL_Driver/Src/stm32h7xx_hal_dma.c.obj
 .debug_aranges
                0x00000468       0x58 CMakeFiles/H7B_Example.elf.dir/Drivers/STM32H7xx_HAL_Driver/Src/stm32h7xx_hal_gpio.c.obj
 .debug_aranges
                0x000004c0      0x188 CMakeFiles/H7B_Example.elf.dir/Drivers/STM32H7xx_HAL_Driver/Src/stm32h7xx_hal_pwr_ex.c.obj
 .debug_aranges
                0x00000648       0x88 CMakeFiles/H7B_Example.elf.dir/Drivers/STM32H7xx_HAL_Driver/Src/stm32h7xx_hal_rcc.c.obj
 .debug_aranges
                0x000006d0       0xf0 CMakeFiles/H7B_Example.elf.dir/Drivers/STM32H7xx_HAL_Driver/Src/stm32h7xx_hal_rcc_ex.c.obj
 .debug_aranges
                0x000007c0      0x248 CMakeFiles/H7B_Example.elf.dir/Drivers/STM32H7xx_HAL_Driver/Src/stm32h7xx_hal_uart.c.obj
 .debug_aranges
                0x00000a08       0xa8 CMakeFiles/H7B_Example.elf.dir/Drivers/STM32H7xx_HAL_Driver/Src/stm32h7xx_hal_uart_ex.c.obj
 .debug_aranges
                0x00000ab0       0xd8 CMakeFiles/H7B_Example.elf.dir/Users/LetterShell/shell.c.obj
 .debug_aranges
                0x00000b88       0x50 CMakeFiles/H7B_Example.elf.dir/Users/LetterShell/shell_ext.c.obj
 .debug_aranges
                0x00000bd8       0x50 CMakeFiles/H7B_Example.elf.dir/Users/Retarget/Retarget.c.obj
 .debug_aranges
                0x00000c28       0x28 CMakeFiles/H7B_Example.elf.dir/Users/selfmain.cpp.obj

.debug_ranges   0x00000000      0xd00
 .debug_ranges  0x00000000       0x10 CMakeFiles/H7B_Example.elf.dir/Core/Src/gpio.c.obj
 .debug_ranges  0x00000010       0x20 CMakeFiles/H7B_Example.elf.dir/Core/Src/main.c.obj
 .debug_ranges  0x00000030       0x10 CMakeFiles/H7B_Example.elf.dir/Core/Src/stm32h7xx_hal_msp.c.obj
 .debug_ranges  0x00000040       0x58 CMakeFiles/H7B_Example.elf.dir/Core/Src/stm32h7xx_it.c.obj
 .debug_ranges  0x00000098       0x10 CMakeFiles/H7B_Example.elf.dir/Core/Src/sysmem.c.obj
 .debug_ranges  0x000000a8       0x18 CMakeFiles/H7B_Example.elf.dir/Core/Src/system_stm32h7xx.c.obj
 .debug_ranges  0x000000c0       0x20 CMakeFiles/H7B_Example.elf.dir/Core/Src/usart.c.obj
 .debug_ranges  0x000000e0       0x20 CMakeFiles/H7B_Example.elf.dir/Core/Startup/startup_stm32h7b0vbtx.s.obj
 .debug_ranges  0x00000100      0x190 CMakeFiles/H7B_Example.elf.dir/Drivers/STM32H7xx_HAL_Driver/Src/stm32h7xx_hal.c.obj
 .debug_ranges  0x00000290      0x100 CMakeFiles/H7B_Example.elf.dir/Drivers/STM32H7xx_HAL_Driver/Src/stm32h7xx_hal_cortex.c.obj
 .debug_ranges  0x00000390       0xa8 CMakeFiles/H7B_Example.elf.dir/Drivers/STM32H7xx_HAL_Driver/Src/stm32h7xx_hal_dma.c.obj
 .debug_ranges  0x00000438       0x48 CMakeFiles/H7B_Example.elf.dir/Drivers/STM32H7xx_HAL_Driver/Src/stm32h7xx_hal_gpio.c.obj
 .debug_ranges  0x00000480      0x1d8 CMakeFiles/H7B_Example.elf.dir/Drivers/STM32H7xx_HAL_Driver/Src/stm32h7xx_hal_pwr_ex.c.obj
 .debug_ranges  0x00000658       0xe8 CMakeFiles/H7B_Example.elf.dir/Drivers/STM32H7xx_HAL_Driver/Src/stm32h7xx_hal_rcc.c.obj
 .debug_ranges  0x00000740       0xe0 CMakeFiles/H7B_Example.elf.dir/Drivers/STM32H7xx_HAL_Driver/Src/stm32h7xx_hal_rcc_ex.c.obj
 .debug_ranges  0x00000820      0x238 CMakeFiles/H7B_Example.elf.dir/Drivers/STM32H7xx_HAL_Driver/Src/stm32h7xx_hal_uart.c.obj
 .debug_ranges  0x00000a58       0x98 CMakeFiles/H7B_Example.elf.dir/Drivers/STM32H7xx_HAL_Driver/Src/stm32h7xx_hal_uart_ex.c.obj
 .debug_ranges  0x00000af0      0x178 CMakeFiles/H7B_Example.elf.dir/Users/LetterShell/shell.c.obj
 .debug_ranges  0x00000c68       0x40 CMakeFiles/H7B_Example.elf.dir/Users/LetterShell/shell_ext.c.obj
 .debug_ranges  0x00000ca8       0x40 CMakeFiles/H7B_Example.elf.dir/Users/Retarget/Retarget.c.obj
 .debug_ranges  0x00000ce8       0x18 CMakeFiles/H7B_Example.elf.dir/Users/selfmain.cpp.obj

.debug_line     0x00000000    0x12d4e
 .debug_line    0x00000000      0x27b CMakeFiles/H7B_Example.elf.dir/Core/Src/gpio.c.obj
 .debug_line    0x0000027b      0x50c CMakeFiles/H7B_Example.elf.dir/Core/Src/main.c.obj
 .debug_line    0x00000787      0x256 CMakeFiles/H7B_Example.elf.dir/Core/Src/stm32h7xx_hal_msp.c.obj
 .debug_line    0x000009dd      0x395 CMakeFiles/H7B_Example.elf.dir/Core/Src/stm32h7xx_it.c.obj
 .debug_line    0x00000d72      0x206 CMakeFiles/H7B_Example.elf.dir/Core/Src/sysmem.c.obj
 .debug_line    0x00000f78      0x470 CMakeFiles/H7B_Example.elf.dir/Core/Src/system_stm32h7xx.c.obj
 .debug_line    0x000013e8      0x494 CMakeFiles/H7B_Example.elf.dir/Core/Src/usart.c.obj
 .debug_line    0x0000187c       0xc6 CMakeFiles/H7B_Example.elf.dir/Core/Startup/startup_stm32h7b0vbtx.s.obj
 .debug_line    0x00001942      0x9cb CMakeFiles/H7B_Example.elf.dir/Drivers/STM32H7xx_HAL_Driver/Src/stm32h7xx_hal.c.obj
 .debug_line    0x0000230d      0x88d CMakeFiles/H7B_Example.elf.dir/Drivers/STM32H7xx_HAL_Driver/Src/stm32h7xx_hal_cortex.c.obj
 .debug_line    0x00002b9a     0x2609 CMakeFiles/H7B_Example.elf.dir/Drivers/STM32H7xx_HAL_Driver/Src/stm32h7xx_hal_dma.c.obj
 .debug_line    0x000051a3      0x778 CMakeFiles/H7B_Example.elf.dir/Drivers/STM32H7xx_HAL_Driver/Src/stm32h7xx_hal_gpio.c.obj
 .debug_line    0x0000591b      0xbb9 CMakeFiles/H7B_Example.elf.dir/Drivers/STM32H7xx_HAL_Driver/Src/stm32h7xx_hal_pwr_ex.c.obj
 .debug_line    0x000064d4     0x1359 CMakeFiles/H7B_Example.elf.dir/Drivers/STM32H7xx_HAL_Driver/Src/stm32h7xx_hal_rcc.c.obj
 .debug_line    0x0000782d     0x1ed3 CMakeFiles/H7B_Example.elf.dir/Drivers/STM32H7xx_HAL_Driver/Src/stm32h7xx_hal_rcc_ex.c.obj
 .debug_line    0x00009700     0x6851 CMakeFiles/H7B_Example.elf.dir/Drivers/STM32H7xx_HAL_Driver/Src/stm32h7xx_hal_uart.c.obj
 .debug_line    0x0000ff51      0xd72 CMakeFiles/H7B_Example.elf.dir/Drivers/STM32H7xx_HAL_Driver/Src/stm32h7xx_hal_uart_ex.c.obj
 .debug_line    0x00010cc3     0x1145 CMakeFiles/H7B_Example.elf.dir/Users/LetterShell/shell.c.obj
 .debug_line    0x00011e08      0x44d CMakeFiles/H7B_Example.elf.dir/Users/LetterShell/shell_ext.c.obj
 .debug_line    0x00012255      0x4ff CMakeFiles/H7B_Example.elf.dir/Users/Retarget/Retarget.c.obj
 .debug_line    0x00012754      0x5fa CMakeFiles/H7B_Example.elf.dir/Users/selfmain.cpp.obj

.debug_str      0x00000000     0x61f3
 .debug_str     0x00000000      0x4d3 CMakeFiles/H7B_Example.elf.dir/Core/Src/gpio.c.obj
                                0x534 (size before relaxing)
 .debug_str     0x000004d3      0x2d8 CMakeFiles/H7B_Example.elf.dir/Core/Src/main.c.obj
                                0x70a (size before relaxing)
 .debug_str     0x000007ab       0x87 CMakeFiles/H7B_Example.elf.dir/Core/Src/stm32h7xx_hal_msp.c.obj
                                0x4a0 (size before relaxing)
 .debug_str     0x00000832      0x567 CMakeFiles/H7B_Example.elf.dir/Core/Src/stm32h7xx_it.c.obj
                                0x890 (size before relaxing)
 .debug_str     0x00000d99       0xbb CMakeFiles/H7B_Example.elf.dir/Core/Src/sysmem.c.obj
                                0x293 (size before relaxing)
 .debug_str     0x00000e54      0x294 CMakeFiles/H7B_Example.elf.dir/Core/Src/system_stm32h7xx.c.obj
                                0x6cc (size before relaxing)
 .debug_str     0x000010e8      0xc5b CMakeFiles/H7B_Example.elf.dir/Core/Src/usart.c.obj
                               0x172c (size before relaxing)
 .debug_str     0x00001d43       0x74 CMakeFiles/H7B_Example.elf.dir/Core/Startup/startup_stm32h7b0vbtx.s.obj
                                 0xc7 (size before relaxing)
 .debug_str     0x00001db7      0x7d9 CMakeFiles/H7B_Example.elf.dir/Drivers/STM32H7xx_HAL_Driver/Src/stm32h7xx_hal.c.obj
                               0x14fb (size before relaxing)
 .debug_str     0x00002590      0x577 CMakeFiles/H7B_Example.elf.dir/Drivers/STM32H7xx_HAL_Driver/Src/stm32h7xx_hal_cortex.c.obj
                               0x10a0 (size before relaxing)
 .debug_str     0x00002b07      0x43b CMakeFiles/H7B_Example.elf.dir/Drivers/STM32H7xx_HAL_Driver/Src/stm32h7xx_hal_dma.c.obj
                                0x9c9 (size before relaxing)
 .debug_str     0x00002f42      0x126 CMakeFiles/H7B_Example.elf.dir/Drivers/STM32H7xx_HAL_Driver/Src/stm32h7xx_hal_gpio.c.obj
                                0x732 (size before relaxing)
 .debug_str     0x00003068      0x69f CMakeFiles/H7B_Example.elf.dir/Drivers/STM32H7xx_HAL_Driver/Src/stm32h7xx_hal_pwr_ex.c.obj
                                0xb6b (size before relaxing)
 .debug_str     0x00003707      0x1d0 CMakeFiles/H7B_Example.elf.dir/Drivers/STM32H7xx_HAL_Driver/Src/stm32h7xx_hal_rcc.c.obj
                                0xafe (size before relaxing)
 .debug_str     0x000038d7      0x5db CMakeFiles/H7B_Example.elf.dir/Drivers/STM32H7xx_HAL_Driver/Src/stm32h7xx_hal_rcc_ex.c.obj
                                0xfbd (size before relaxing)
 .debug_str     0x00003eb2      0x8f2 CMakeFiles/H7B_Example.elf.dir/Drivers/STM32H7xx_HAL_Driver/Src/stm32h7xx_hal_uart.c.obj
                               0x1544 (size before relaxing)
 .debug_str     0x000047a4      0x287 CMakeFiles/H7B_Example.elf.dir/Drivers/STM32H7xx_HAL_Driver/Src/stm32h7xx_hal_uart_ex.c.obj
                                0xc0c (size before relaxing)
 .debug_str     0x00004a2b      0x4f9 CMakeFiles/H7B_Example.elf.dir/Users/LetterShell/shell.c.obj
                                0xcd7 (size before relaxing)
 .debug_str     0x00004f24      0x147 CMakeFiles/H7B_Example.elf.dir/Users/LetterShell/shell_ext.c.obj
                                0x326 (size before relaxing)
 .debug_str     0x0000506b      0x524 CMakeFiles/H7B_Example.elf.dir/Users/Retarget/Retarget.c.obj
                                0xd6f (size before relaxing)